Archive member included to satisfy reference by file (symbol)

e:/programs/ac6/systemworkbench/plugins/fr.ac6.mcu.externaltools.arm-none.win32_1.15.0.201708311556/tools/compiler/bin/../lib/gcc/arm-none-eabi/6.3.1/thumb/v7e-m/fpv4-sp/hard\libgcc.a(_aeabi_uldivmod.o)
                              Drivers/STM32L4xx_HAL_Driver/stm32l4xx_hal_uart.o (__aeabi_uldivmod)
e:/programs/ac6/systemworkbench/plugins/fr.ac6.mcu.externaltools.arm-none.win32_1.15.0.201708311556/tools/compiler/bin/../lib/gcc/arm-none-eabi/6.3.1/thumb/v7e-m/fpv4-sp/hard\libgcc.a(_udivmoddi4.o)
                              e:/programs/ac6/systemworkbench/plugins/fr.ac6.mcu.externaltools.arm-none.win32_1.15.0.201708311556/tools/compiler/bin/../lib/gcc/arm-none-eabi/6.3.1/thumb/v7e-m/fpv4-sp/hard\libgcc.a(_aeabi_uldivmod.o) (__udivmoddi4)
e:/programs/ac6/systemworkbench/plugins/fr.ac6.mcu.externaltools.arm-none.win32_1.15.0.201708311556/tools/compiler/bin/../lib/gcc/arm-none-eabi/6.3.1/thumb/v7e-m/fpv4-sp/hard\libgcc.a(_dvmd_tls.o)
                              e:/programs/ac6/systemworkbench/plugins/fr.ac6.mcu.externaltools.arm-none.win32_1.15.0.201708311556/tools/compiler/bin/../lib/gcc/arm-none-eabi/6.3.1/thumb/v7e-m/fpv4-sp/hard\libgcc.a(_aeabi_uldivmod.o) (__aeabi_ldiv0)
e:/programs/ac6/systemworkbench/plugins/fr.ac6.mcu.externaltools.arm-none.win32_1.15.0.201708311556/tools/compiler/bin/../lib/gcc/arm-none-eabi/6.3.1/../../../../arm-none-eabi/lib/thumb/v7e-m/fpv4-sp/hard\libc_nano.a(lib_a-exit.o)
                              e:/programs/ac6/systemworkbench/plugins/fr.ac6.mcu.externaltools.arm-none.win32_1.15.0.201708311556/tools/compiler/bin/../lib/gcc/arm-none-eabi/6.3.1/../../../../arm-none-eabi/lib/thumb/v7e-m/fpv4-sp/hard/crt0.o (exit)
e:/programs/ac6/systemworkbench/plugins/fr.ac6.mcu.externaltools.arm-none.win32_1.15.0.201708311556/tools/compiler/bin/../lib/gcc/arm-none-eabi/6.3.1/../../../../arm-none-eabi/lib/thumb/v7e-m/fpv4-sp/hard\libc_nano.a(lib_a-impure.o)
                              e:/programs/ac6/systemworkbench/plugins/fr.ac6.mcu.externaltools.arm-none.win32_1.15.0.201708311556/tools/compiler/bin/../lib/gcc/arm-none-eabi/6.3.1/../../../../arm-none-eabi/lib/thumb/v7e-m/fpv4-sp/hard\libc_nano.a(lib_a-exit.o) (_global_impure_ptr)
e:/programs/ac6/systemworkbench/plugins/fr.ac6.mcu.externaltools.arm-none.win32_1.15.0.201708311556/tools/compiler/bin/../lib/gcc/arm-none-eabi/6.3.1/../../../../arm-none-eabi/lib/thumb/v7e-m/fpv4-sp/hard\libc_nano.a(lib_a-init.o)
                              e:/programs/ac6/systemworkbench/plugins/fr.ac6.mcu.externaltools.arm-none.win32_1.15.0.201708311556/tools/compiler/bin/../lib/gcc/arm-none-eabi/6.3.1/../../../../arm-none-eabi/lib/thumb/v7e-m/fpv4-sp/hard/crt0.o (__libc_init_array)
e:/programs/ac6/systemworkbench/plugins/fr.ac6.mcu.externaltools.arm-none.win32_1.15.0.201708311556/tools/compiler/bin/../lib/gcc/arm-none-eabi/6.3.1/../../../../arm-none-eabi/lib/thumb/v7e-m/fpv4-sp/hard\libc_nano.a(lib_a-memset.o)
                              e:/programs/ac6/systemworkbench/plugins/fr.ac6.mcu.externaltools.arm-none.win32_1.15.0.201708311556/tools/compiler/bin/../lib/gcc/arm-none-eabi/6.3.1/../../../../arm-none-eabi/lib/thumb/v7e-m/fpv4-sp/hard/crt0.o (memset)
e:/programs/ac6/systemworkbench/plugins/fr.ac6.mcu.externaltools.arm-none.win32_1.15.0.201708311556/tools/compiler/bin/../lib/gcc/arm-none-eabi/6.3.1/../../../../arm-none-eabi/lib/thumb/v7e-m/fpv4-sp/hard\libnosys.a(_exit.o)
                              e:/programs/ac6/systemworkbench/plugins/fr.ac6.mcu.externaltools.arm-none.win32_1.15.0.201708311556/tools/compiler/bin/../lib/gcc/arm-none-eabi/6.3.1/../../../../arm-none-eabi/lib/thumb/v7e-m/fpv4-sp/hard\libc_nano.a(lib_a-exit.o) (_exit)

Allocating common symbols
Common symbol       size              file

portlcd             0x1               Application/User/lcd_i2c_hd44780.o
htim4               0x40              Application/User/tim.o
hdma_i2c1_tx        0x48              Application/User/i2c.o
hi2c1               0x4c              Application/User/i2c.o
uwTick              0x4               Drivers/STM32L4xx_HAL_Driver/stm32l4xx_hal.o
htim5               0x40              Application/User/tim.o
htim3               0x40              Application/User/tim.o
strl                0x64              Application/User/lcd_i2c_hd44780.o
huart1              0x78              Application/User/usart.o
hdma_i2c1_rx        0x48              Application/User/i2c.o
hspi1               0x64              Application/User/spi.o
huart2              0x78              Application/User/usart.o

Discarded input sections

 .text          0x00000000        0x0 e:/programs/ac6/systemworkbench/plugins/fr.ac6.mcu.externaltools.arm-none.win32_1.15.0.201708311556/tools/compiler/bin/../lib/gcc/arm-none-eabi/6.3.1/thumb/v7e-m/fpv4-sp/hard/crti.o
[...]
Memory Configuration

Name             Origin             Length             Attributes
RAM              0x20000000         0x00018000         xrw
RAM2             0x10000000         0x00008000         xrw
FLASH            0x08000000         0x00080000         xr
*default*        0x00000000         0xffffffff

Linker script and memory map

LOAD e:/programs/ac6/systemworkbench/plugins/fr.ac6.mcu.externaltools.arm-none.win32_1.15.0.201708311556/tools/compiler/bin/../lib/gcc/arm-none-eabi/6.3.1/thumb/v7e-m/fpv4-sp/hard/crti.o
LOAD e:/programs/ac6/systemworkbench/plugins/fr.ac6.mcu.externaltools.arm-none.win32_1.15.0.201708311556/tools/compiler/bin/../lib/gcc/arm-none-eabi/6.3.1/thumb/v7e-m/fpv4-sp/hard/crtbegin.o
LOAD e:/programs/ac6/systemworkbench/plugins/fr.ac6.mcu.externaltools.arm-none.win32_1.15.0.201708311556/tools/compiler/bin/../lib/gcc/arm-none-eabi/6.3.1/../../../../arm-none-eabi/lib/thumb/v7e-m/fpv4-sp/hard/crt0.o
LOAD Application/SW4STM32/startup_stm32l471xx.o
LOAD Application/User/dma.o
LOAD Application/User/gpio.o
LOAD Application/User/i2c.o
LOAD Application/User/lcd_i2c_hd44780.o
LOAD Application/User/main.o
LOAD Application/User/spi.o
LOAD Application/User/stm32l4xx_hal_msp.o
LOAD Application/User/stm32l4xx_it.o
LOAD Application/User/tim.o
LOAD Application/User/usart.o
LOAD Drivers/CMSIS/system_stm32l4xx.o
LOAD Drivers/STM32L4xx_HAL_Driver/stm32l4xx_hal.o
LOAD Drivers/STM32L4xx_HAL_Driver/stm32l4xx_hal_cortex.o
LOAD Drivers/STM32L4xx_HAL_Driver/stm32l4xx_hal_dma.o
LOAD Drivers/STM32L4xx_HAL_Driver/stm32l4xx_hal_dma_ex.o
LOAD Drivers/STM32L4xx_HAL_Driver/stm32l4xx_hal_flash.o
LOAD Drivers/STM32L4xx_HAL_Driver/stm32l4xx_hal_flash_ex.o
LOAD Drivers/STM32L4xx_HAL_Driver/stm32l4xx_hal_flash_ramfunc.o
LOAD Drivers/STM32L4xx_HAL_Driver/stm32l4xx_hal_gpio.o
LOAD Drivers/STM32L4xx_HAL_Driver/stm32l4xx_hal_i2c.o
LOAD Drivers/STM32L4xx_HAL_Driver/stm32l4xx_hal_i2c_ex.o
LOAD Drivers/STM32L4xx_HAL_Driver/stm32l4xx_hal_pwr.o
LOAD Drivers/STM32L4xx_HAL_Driver/stm32l4xx_hal_pwr_ex.o
LOAD Drivers/STM32L4xx_HAL_Driver/stm32l4xx_hal_rcc.o
LOAD Drivers/STM32L4xx_HAL_Driver/stm32l4xx_hal_rcc_ex.o
LOAD Drivers/STM32L4xx_HAL_Driver/stm32l4xx_hal_spi.o
LOAD Drivers/STM32L4xx_HAL_Driver/stm32l4xx_hal_spi_ex.o
LOAD Drivers/STM32L4xx_HAL_Driver/stm32l4xx_hal_tim.o
LOAD Drivers/STM32L4xx_HAL_Driver/stm32l4xx_hal_tim_ex.o
LOAD Drivers/STM32L4xx_HAL_Driver/stm32l4xx_hal_uart.o
LOAD Drivers/STM32L4xx_HAL_Driver/stm32l4xx_hal_uart_ex.o
LOAD e:/programs/ac6/systemworkbench/plugins/fr.ac6.mcu.externaltools.arm-none.win32_1.15.0.201708311556/tools/compiler/bin/../lib/gcc/arm-none-eabi/6.3.1/../../../../arm-none-eabi/lib/thumb/v7e-m/fpv4-sp/hard\libm.a
START GROUP
LOAD e:/programs/ac6/systemworkbench/plugins/fr.ac6.mcu.externaltools.arm-none.win32_1.15.0.201708311556/tools/compiler/bin/../lib/gcc/arm-none-eabi/6.3.1/thumb/v7e-m/fpv4-sp/hard\libgcc.a
LOAD e:/programs/ac6/systemworkbench/plugins/fr.ac6.mcu.externaltools.arm-none.win32_1.15.0.201708311556/tools/compiler/bin/../lib/gcc/arm-none-eabi/6.3.1/../../../../arm-none-eabi/lib/thumb/v7e-m/fpv4-sp/hard\libc_nano.a
END GROUP
START GROUP
LOAD e:/programs/ac6/systemworkbench/plugins/fr.ac6.mcu.externaltools.arm-none.win32_1.15.0.201708311556/tools/compiler/bin/../lib/gcc/arm-none-eabi/6.3.1/thumb/v7e-m/fpv4-sp/hard\libgcc.a
LOAD e:/programs/ac6/systemworkbench/plugins/fr.ac6.mcu.externaltools.arm-none.win32_1.15.0.201708311556/tools/compiler/bin/../lib/gcc/arm-none-eabi/6.3.1/../../../../arm-none-eabi/lib/thumb/v7e-m/fpv4-sp/hard\libc_nano.a
LOAD e:/programs/ac6/systemworkbench/plugins/fr.ac6.mcu.externaltools.arm-none.win32_1.15.0.201708311556/tools/compiler/bin/../lib/gcc/arm-none-eabi/6.3.1/../../../../arm-none-eabi/lib/thumb/v7e-m/fpv4-sp/hard\libnosys.a
END GROUP
START GROUP
LOAD e:/programs/ac6/systemworkbench/plugins/fr.ac6.mcu.externaltools.arm-none.win32_1.15.0.201708311556/tools/compiler/bin/../lib/gcc/arm-none-eabi/6.3.1/thumb/v7e-m/fpv4-sp/hard\libgcc.a
LOAD e:/programs/ac6/systemworkbench/plugins/fr.ac6.mcu.externaltools.arm-none.win32_1.15.0.201708311556/tools/compiler/bin/../lib/gcc/arm-none-eabi/6.3.1/../../../../arm-none-eabi/lib/thumb/v7e-m/fpv4-sp/hard\libc_nano.a
LOAD e:/programs/ac6/systemworkbench/plugins/fr.ac6.mcu.externaltools.arm-none.win32_1.15.0.201708311556/tools/compiler/bin/../lib/gcc/arm-none-eabi/6.3.1/../../../../arm-none-eabi/lib/thumb/v7e-m/fpv4-sp/hard\libnosys.a
END GROUP
LOAD e:/programs/ac6/systemworkbench/plugins/fr.ac6.mcu.externaltools.arm-none.win32_1.15.0.201708311556/tools/compiler/bin/../lib/gcc/arm-none-eabi/6.3.1/thumb/v7e-m/fpv4-sp/hard/crtend.o
LOAD e:/programs/ac6/systemworkbench/plugins/fr.ac6.mcu.externaltools.arm-none.win32_1.15.0.201708311556/tools/compiler/bin/../lib/gcc/arm-none-eabi/6.3.1/thumb/v7e-m/fpv4-sp/hard/crtn.o
                0x20018000                _estack = 0x20018000
                0x00000200                _Min_Heap_Size = 0x200
                0x00000400                _Min_Stack_Size = 0x400

.isr_vector     0x08000000      0x188
                0x08000000                . = ALIGN (0x8)
 *(.isr_vector)
 .isr_vector    0x08000000      0x188 Application/SW4STM32/startup_stm32l471xx.o
                0x08000000                g_pfnVectors
                0x08000188                . = ALIGN (0x8)

.text           0x08000188     0x4180
                0x08000188                . = ALIGN (0x8)
 *(.text)
 .text          0x08000188       0x6c e:/programs/ac6/systemworkbench/plugins/fr.ac6.mcu.externaltools.arm-none.win32_1.15.0.201708311556/tools/compiler/bin/../lib/gcc/arm-none-eabi/6.3.1/thumb/v7e-m/fpv4-sp/hard/crtbegin.o
 .text          0x080001f4       0x30 e:/programs/ac6/systemworkbench/plugins/fr.ac6.mcu.externaltools.arm-none.win32_1.15.0.201708311556/tools/compiler/bin/../lib/gcc/arm-none-eabi/6.3.1/thumb/v7e-m/fpv4-sp/hard\libgcc.a(_aeabi_uldivmod.o)
                0x080001f4                __aeabi_uldivmod
 .text          0x08000224      0x2dc e:/programs/ac6/systemworkbench/plugins/fr.ac6.mcu.externaltools.arm-none.win32_1.15.0.201708311556/tools/compiler/bin/../lib/gcc/arm-none-eabi/6.3.1/thumb/v7e-m/fpv4-sp/hard\libgcc.a(_udivmoddi4.o)
                0x08000224                __udivmoddi4
 .text          0x08000500        0x4 e:/programs/ac6/systemworkbench/plugins/fr.ac6.mcu.externaltools.arm-none.win32_1.15.0.201708311556/tools/compiler/bin/../lib/gcc/arm-none-eabi/6.3.1/thumb/v7e-m/fpv4-sp/hard\libgcc.a(_dvmd_tls.o)
                0x08000500                __aeabi_idiv0
                0x08000500                __aeabi_ldiv0
 *(.text*)
 .text.Reset_Handler
                0x08000504       0x50 Application/SW4STM32/startup_stm32l471xx.o
                0x08000504                Reset_Handler
 .text.Default_Handler
                0x08000554        0x2 Application/SW4STM32/startup_stm32l471xx.o
                0x08000554                RTC_Alarm_IRQHandler
                0x08000554                TIM8_TRG_COM_IRQHandler
                0x08000554                TIM8_CC_IRQHandler
                0x08000554                TIM1_CC_IRQHandler
                0x08000554                TSC_IRQHandler
                0x08000554                TAMP_STAMP_IRQHandler
                0x08000554                EXTI3_IRQHandler
                0x08000554                LPTIM2_IRQHandler
                0x08000554                DFSDM1_FLT1_IRQHandler
                0x08000554                I2C3_ER_IRQHandler
                0x08000554                DFSDM1_FLT2_IRQHandler
                0x08000554                EXTI0_IRQHandler
                0x08000554                I2C2_EV_IRQHandler
                0x08000554                CAN1_RX0_IRQHandler
                0x08000554                FPU_IRQHandler
                0x08000554                TIM1_UP_TIM16_IRQHandler
                0x08000554                ADC1_2_IRQHandler
                0x08000554                SPI1_IRQHandler
                0x08000554                TIM6_DAC_IRQHandler
                0x08000554                TIM8_UP_IRQHandler
                0x08000554                DMA2_Channel2_IRQHandler
                0x08000554                DMA1_Channel4_IRQHandler
                0x08000554                SAI2_IRQHandler
                0x08000554                DFSDM1_FLT3_IRQHandler
                0x08000554                USART3_IRQHandler
                0x08000554                CAN1_RX1_IRQHandler
                0x08000554                UART5_IRQHandler
                0x08000554                ADC3_IRQHandler
                0x08000554                DMA2_Channel1_IRQHandler
                0x08000554                QUADSPI_IRQHandler
                0x08000554                UART4_IRQHandler
                0x08000554                DMA2_Channel4_IRQHandler
                0x08000554                RCC_IRQHandler
                0x08000554                DMA1_Channel1_IRQHandler
                0x08000554                Default_Handler
                0x08000554                DMA2_Channel7_IRQHandler
                0x08000554                TIM7_IRQHandler
                0x08000554                SDMMC1_IRQHandler
                0x08000554                I2C3_EV_IRQHandler
                0x08000554                RTC_WKUP_IRQHandler
                0x08000554                PVD_PVM_IRQHandler
                0x08000554                SPI2_IRQHandler
                0x08000554                CAN1_TX_IRQHandler
                0x08000554                DMA2_Channel5_IRQHandler
                0x08000554                DMA1_Channel5_IRQHandler
                0x08000554                EXTI4_IRQHandler
                0x08000554                RNG_IRQHandler
                0x08000554                TIM1_TRG_COM_TIM17_IRQHandler
                0x08000554                DMA1_Channel3_IRQHandler
                0x08000554                COMP_IRQHandler
                0x08000554                WWDG_IRQHandler
                0x08000554                LPUART1_IRQHandler
                0x08000554                DMA2_Channel6_IRQHandler
                0x08000554                TIM2_IRQHandler
                0x08000554                EXTI1_IRQHandler
                0x08000554                USART2_IRQHandler
                0x08000554                DFSDM1_FLT0_IRQHandler
                0x08000554                I2C2_ER_IRQHandler
                0x08000554                DMA1_Channel2_IRQHandler
                0x08000554                TIM8_BRK_IRQHandler
                0x08000554                CAN1_SCE_IRQHandler
                0x08000554                FLASH_IRQHandler
                0x08000554                USART1_IRQHandler
                0x08000554                SPI3_IRQHandler
                0x08000554                FMC_IRQHandler
                0x08000554                SWPMI1_IRQHandler
                0x08000554                LPTIM1_IRQHandler
                0x08000554                SAI1_IRQHandler
                0x08000554                DMA2_Channel3_IRQHandler
                0x08000554                TIM1_BRK_TIM15_IRQHandler
 *fill*         0x08000556        0x2 
 .text.MX_DMA_Init
                0x08000558       0x44 Application/User/dma.o
                0x08000558                MX_DMA_Init
 .text.MX_GPIO_Init
                0x0800059c      0x148 Application/User/gpio.o
                0x0800059c                MX_GPIO_Init
 .text.MX_I2C1_Init
                0x080006e4       0x68 Application/User/i2c.o
                0x080006e4                MX_I2C1_Init
 .text.HAL_I2C_MspInit
                0x0800074c       0xec Application/User/i2c.o
                0x0800074c                HAL_I2C_MspInit
 .text.LCD_Write_I2C_LCD
                0x08000838       0x28 Application/User/lcd_i2c_hd44780.o
 .text.Priv_Send_Halfbyte
                0x08000860       0x30 Application/User/lcd_i2c_hd44780.o
 .text.Priv_Send_Byte
                0x08000890       0x38 Application/User/lcd_i2c_hd44780.o
 .text.LCD_Clear
                0x080008c8       0x14 Application/User/lcd_i2c_hd44780.o
                0x080008c8                LCD_Clear
 .text.LCD_Init
                0x080008dc       0x88 Application/User/lcd_i2c_hd44780.o
                0x080008dc                LCD_Init
 .text.LCD_Send_String
                0x08000964       0x1a Application/User/lcd_i2c_hd44780.o
                0x08000964                LCD_Send_String
 .text.LCD_Set_Position
                0x0800097e       0x68 Application/User/lcd_i2c_hd44780.o
                0x0800097e                LCD_Set_Position
 .text.LCD_Send_Str_Pos
                0x080009e6       0x14 Application/User/lcd_i2c_hd44780.o
                0x080009e6                LCD_Send_Str_Pos
 *fill*         0x080009fa        0x2 
 .text.HAL_TIM_PeriodElapsedCallback
                0x080009fc       0x60 Application/User/main.o
                0x080009fc                HAL_TIM_PeriodElapsedCallback
 .text.HAL_GPIO_EXTI_Callback
                0x08000a5c       0xc4 Application/User/main.o
                0x08000a5c                HAL_GPIO_EXTI_Callback
 .text.Buttons_LCD_reaction
                0x08000b20       0x68 Application/User/main.o
                0x08000b20                Buttons_LCD_reaction
 .text._Error_Handler
                0x08000b88        0x2 Application/User/main.o
                0x08000b88                _Error_Handler
 *fill*         0x08000b8a        0x2 
 .text.SystemClock_Config
                0x08000b8c       0xc0 Application/User/main.o
                0x08000b8c                SystemClock_Config
 .text.main     0x08000c4c       0x88 Application/User/main.o
                0x08000c4c                main
 .text.MX_SPI1_Init
                0x08000cd4       0x54 Application/User/spi.o
                0x08000cd4                MX_SPI1_Init
 .text.HAL_SPI_MspInit
                0x08000d28       0x4c Application/User/spi.o
                0x08000d28                HAL_SPI_MspInit
 .text.HAL_MspInit
                0x08000d74       0x90 Application/User/stm32l4xx_hal_msp.o
                0x08000d74                HAL_MspInit
 .text.NMI_Handler
                0x08000e04        0x2 Application/User/stm32l4xx_it.o
                0x08000e04                NMI_Handler
 .text.HardFault_Handler
                0x08000e06        0x2 Application/User/stm32l4xx_it.o
                0x08000e06                HardFault_Handler
 .text.MemManage_Handler
                0x08000e08        0x2 Application/User/stm32l4xx_it.o
                0x08000e08                MemManage_Handler
 .text.BusFault_Handler
                0x08000e0a        0x2 Application/User/stm32l4xx_it.o
                0x08000e0a                BusFault_Handler
 .text.UsageFault_Handler
                0x08000e0c        0x2 Application/User/stm32l4xx_it.o
                0x08000e0c                UsageFault_Handler
 .text.SVC_Handler
                0x08000e0e        0x2 Application/User/stm32l4xx_it.o
                0x08000e0e                SVC_Handler
 .text.DebugMon_Handler
                0x08000e10        0x2 Application/User/stm32l4xx_it.o
                0x08000e10                DebugMon_Handler
 .text.PendSV_Handler
                0x08000e12        0x2 Application/User/stm32l4xx_it.o
                0x08000e12                PendSV_Handler
 .text.SysTick_Handler
                0x08000e14        0xc Application/User/stm32l4xx_it.o
                0x08000e14                SysTick_Handler
 .text.EXTI2_IRQHandler
                0x08000e20        0xa Application/User/stm32l4xx_it.o
                0x08000e20                EXTI2_IRQHandler
 *fill*         0x08000e2a        0x2 
 .text.DMA1_Channel6_IRQHandler
                0x08000e2c       0x10 Application/User/stm32l4xx_it.o
                0x08000e2c                DMA1_Channel6_IRQHandler
 .text.DMA1_Channel7_IRQHandler
                0x08000e3c       0x10 Application/User/stm32l4xx_it.o
                0x08000e3c                DMA1_Channel7_IRQHandler
 .text.EXTI9_5_IRQHandler
                0x08000e4c        0xa Application/User/stm32l4xx_it.o
                0x08000e4c                EXTI9_5_IRQHandler
 *fill*         0x08000e56        0x2 
 .text.TIM3_IRQHandler
                0x08000e58       0x10 Application/User/stm32l4xx_it.o
                0x08000e58                TIM3_IRQHandler
 .text.TIM4_IRQHandler
                0x08000e68       0x10 Application/User/stm32l4xx_it.o
                0x08000e68                TIM4_IRQHandler
 .text.I2C1_EV_IRQHandler
                0x08000e78       0x10 Application/User/stm32l4xx_it.o
                0x08000e78                I2C1_EV_IRQHandler
 .text.I2C1_ER_IRQHandler
                0x08000e88       0x10 Application/User/stm32l4xx_it.o
                0x08000e88                I2C1_ER_IRQHandler
 .text.EXTI15_10_IRQHandler
                0x08000e98       0x1c Application/User/stm32l4xx_it.o
                0x08000e98                EXTI15_10_IRQHandler
 .text.TIM5_IRQHandler
                0x08000eb4       0x10 Application/User/stm32l4xx_it.o
                0x08000eb4                TIM5_IRQHandler
 .text.HAL_TIM_PWM_MspInit
                0x08000ec4       0xa0 Application/User/tim.o
                0x08000ec4                HAL_TIM_PWM_MspInit
 .text.HAL_TIM_MspPostInit
                0x08000f64       0x84 Application/User/tim.o
                0x08000f64                HAL_TIM_MspPostInit
 .text.MX_TIM3_Init
                0x08000fe8       0xac Application/User/tim.o
                0x08000fe8                MX_TIM3_Init
 .text.MX_TIM4_Init
                0x08001094       0x80 Application/User/tim.o
                0x08001094                MX_TIM4_Init
 .text.MX_TIM5_Init
                0x08001114       0x80 Application/User/tim.o
                0x08001114                MX_TIM5_Init
 .text.MX_USART1_UART_Init
                0x08001194       0x40 Application/User/usart.o
                0x08001194                MX_USART1_UART_Init
 .text.MX_USART2_UART_Init
                0x080011d4       0x40 Application/User/usart.o
                0x080011d4                MX_USART2_UART_Init
 .text.HAL_UART_MspInit
                0x08001214       0x90 Application/User/usart.o
                0x08001214                HAL_UART_MspInit
 .text.SystemInit
                0x080012a4       0x48 Drivers/CMSIS/system_stm32l4xx.o
                0x080012a4                SystemInit
 .text.HAL_InitTick
                0x080012ec       0x2c Drivers/STM32L4xx_HAL_Driver/stm32l4xx_hal.o
                0x080012ec                HAL_InitTick
 .text.HAL_Init
                0x08001318       0x16 Drivers/STM32L4xx_HAL_Driver/stm32l4xx_hal.o
                0x08001318                HAL_Init
 *fill*         0x0800132e        0x2 
 .text.HAL_IncTick
                0x08001330       0x10 Drivers/STM32L4xx_HAL_Driver/stm32l4xx_hal.o
                0x08001330                HAL_IncTick
 .text.HAL_GetTick
                0x08001340        0xc Drivers/STM32L4xx_HAL_Driver/stm32l4xx_hal.o
                0x08001340                HAL_GetTick
 .text.HAL_Delay
                0x0800134c       0x1e Drivers/STM32L4xx_HAL_Driver/stm32l4xx_hal.o
                0x0800134c                HAL_Delay
 *fill*         0x0800136a        0x2 
 .text.HAL_NVIC_SetPriorityGrouping
                0x0800136c       0x24 Drivers/STM32L4xx_HAL_Driver/stm32l4xx_hal_cortex.o
                0x0800136c                HAL_NVIC_SetPriorityGrouping
 .text.HAL_NVIC_SetPriority
                0x08001390       0x64 Drivers/STM32L4xx_HAL_Driver/stm32l4xx_hal_cortex.o
                0x08001390                HAL_NVIC_SetPriority
 .text.HAL_NVIC_EnableIRQ
                0x080013f4       0x18 Drivers/STM32L4xx_HAL_Driver/stm32l4xx_hal_cortex.o
                0x080013f4                HAL_NVIC_EnableIRQ
 .text.HAL_SYSTICK_Config
                0x0800140c       0x2c Drivers/STM32L4xx_HAL_Driver/stm32l4xx_hal_cortex.o
                0x0800140c                HAL_SYSTICK_Config
 .text.HAL_SYSTICK_CLKSourceConfig
                0x08001438       0x20 Drivers/STM32L4xx_HAL_Driver/stm32l4xx_hal_cortex.o
                0x08001438                HAL_SYSTICK_CLKSourceConfig
 .text.HAL_SYSTICK_Callback
                0x08001458        0x2 Drivers/STM32L4xx_HAL_Driver/stm32l4xx_hal_cortex.o
                0x08001458                HAL_SYSTICK_Callback
 .text.HAL_SYSTICK_IRQHandler
                0x0800145a        0x8 Drivers/STM32L4xx_HAL_Driver/stm32l4xx_hal_cortex.o
                0x0800145a                HAL_SYSTICK_IRQHandler
 *fill*         0x08001462        0x2 
 .text.HAL_DMA_Init
                0x08001464       0xf8 Drivers/STM32L4xx_HAL_Driver/stm32l4xx_hal_dma.o
                0x08001464                HAL_DMA_Init
 .text.HAL_DMA_Abort_IT
                0x0800155c       0x50 Drivers/STM32L4xx_HAL_Driver/stm32l4xx_hal_dma.o
                0x0800155c                HAL_DMA_Abort_IT
 .text.HAL_DMA_IRQHandler
                0x080015ac       0xc2 Drivers/STM32L4xx_HAL_Driver/stm32l4xx_hal_dma.o
                0x080015ac                HAL_DMA_IRQHandler
 *fill*         0x0800166e        0x2 
 .text.HAL_GPIO_Init
                0x08001670      0x1d4 Drivers/STM32L4xx_HAL_Driver/stm32l4xx_hal_gpio.o
                0x08001670                HAL_GPIO_Init
 .text.HAL_GPIO_ReadPin
                0x08001844        0xe Drivers/STM32L4xx_HAL_Driver/stm32l4xx_hal_gpio.o
                0x08001844                HAL_GPIO_ReadPin
 .text.HAL_GPIO_WritePin
                0x08001852        0xa Drivers/STM32L4xx_HAL_Driver/stm32l4xx_hal_gpio.o
                0x08001852                HAL_GPIO_WritePin
 .text.HAL_GPIO_TogglePin
                0x0800185c        0x8 Drivers/STM32L4xx_HAL_Driver/stm32l4xx_hal_gpio.o
                0x0800185c                HAL_GPIO_TogglePin
 .text.HAL_GPIO_EXTI_IRQHandler
                0x08001864       0x1c Drivers/STM32L4xx_HAL_Driver/stm32l4xx_hal_gpio.o
                0x08001864                HAL_GPIO_EXTI_IRQHandler
 .text.I2C_Flush_TXDR
                0x08001880       0x22 Drivers/STM32L4xx_HAL_Driver/stm32l4xx_hal_i2c.o
 .text.I2C_TransferConfig
                0x080018a2       0x36 Drivers/STM32L4xx_HAL_Driver/stm32l4xx_hal_i2c.o
 .text.I2C_Disable_IRQ
                0x080018d8       0xb8 Drivers/STM32L4xx_HAL_Driver/stm32l4xx_hal_i2c.o
 .text.I2C_IsAcknowledgeFailed
                0x08001990       0x90 Drivers/STM32L4xx_HAL_Driver/stm32l4xx_hal_i2c.o
 .text.I2C_WaitOnTXISFlagUntilTimeout
                0x08001a20       0x56 Drivers/STM32L4xx_HAL_Driver/stm32l4xx_hal_i2c.o
 .text.I2C_WaitOnFlagUntilTimeout
                0x08001a76       0x52 Drivers/STM32L4xx_HAL_Driver/stm32l4xx_hal_i2c.o
 .text.I2C_WaitOnSTOPFlagUntilTimeout
                0x08001ac8       0x50 Drivers/STM32L4xx_HAL_Driver/stm32l4xx_hal_i2c.o
 .text.HAL_I2C_Init
                0x08001b18       0xc2 Drivers/STM32L4xx_HAL_Driver/stm32l4xx_hal_i2c.o
                0x08001b18                HAL_I2C_Init
 *fill*         0x08001bda        0x2 
 .text.HAL_I2C_Master_Transmit
                0x08001bdc      0x178 Drivers/STM32L4xx_HAL_Driver/stm32l4xx_hal_i2c.o
                0x08001bdc                HAL_I2C_Master_Transmit
 .text.HAL_I2C_EV_IRQHandler
                0x08001d54       0x10 Drivers/STM32L4xx_HAL_Driver/stm32l4xx_hal_i2c.o
                0x08001d54                HAL_I2C_EV_IRQHandler
 .text.HAL_I2C_SlaveTxCpltCallback
                0x08001d64        0x2 Drivers/STM32L4xx_HAL_Driver/stm32l4xx_hal_i2c.o
                0x08001d64                HAL_I2C_SlaveTxCpltCallback
 .text.HAL_I2C_SlaveRxCpltCallback
                0x08001d66        0x2 Drivers/STM32L4xx_HAL_Driver/stm32l4xx_hal_i2c.o
                0x08001d66                HAL_I2C_SlaveRxCpltCallback
 .text.I2C_ITSlaveSequentialCplt
                0x08001d68       0x5c Drivers/STM32L4xx_HAL_Driver/stm32l4xx_hal_i2c.o
 .text.HAL_I2C_AddrCallback
                0x08001dc4        0x2 Drivers/STM32L4xx_HAL_Driver/stm32l4xx_hal_i2c.o
                0x08001dc4                HAL_I2C_AddrCallback
 .text.I2C_ITAddrCplt
                0x08001dc6       0x9c Drivers/STM32L4xx_HAL_Driver/stm32l4xx_hal_i2c.o
 .text.HAL_I2C_ListenCpltCallback
                0x08001e62        0x2 Drivers/STM32L4xx_HAL_Driver/stm32l4xx_hal_i2c.o
                0x08001e62                HAL_I2C_ListenCpltCallback
 .text.I2C_ITListenCplt
                0x08001e64       0x64 Drivers/STM32L4xx_HAL_Driver/stm32l4xx_hal_i2c.o
 .text.HAL_I2C_ErrorCallback
                0x08001ec8        0x2 Drivers/STM32L4xx_HAL_Driver/stm32l4xx_hal_i2c.o
                0x08001ec8                HAL_I2C_ErrorCallback
 .text.HAL_I2C_AbortCpltCallback
                0x08001eca        0x2 Drivers/STM32L4xx_HAL_Driver/stm32l4xx_hal_i2c.o
                0x08001eca                HAL_I2C_AbortCpltCallback
 .text.I2C_ITError
                0x08001ecc      0x104 Drivers/STM32L4xx_HAL_Driver/stm32l4xx_hal_i2c.o
 .text.I2C_ITSlaveCplt
                0x08001fd0      0x128 Drivers/STM32L4xx_HAL_Driver/stm32l4xx_hal_i2c.o
 .text.I2C_Slave_ISR_IT
                0x080020f8      0x14e Drivers/STM32L4xx_HAL_Driver/stm32l4xx_hal_i2c.o
 .text.HAL_I2C_ER_IRQHandler
                0x08002246       0x6c Drivers/STM32L4xx_HAL_Driver/stm32l4xx_hal_i2c.o
                0x08002246                HAL_I2C_ER_IRQHandler
 .text.I2C_DMAAbort
                0x080022b2       0x34 Drivers/STM32L4xx_HAL_Driver/stm32l4xx_hal_i2c.o
 .text.HAL_I2CEx_ConfigAnalogFilter
                0x080022e6       0x5c Drivers/STM32L4xx_HAL_Driver/stm32l4xx_hal_i2c_ex.o
                0x080022e6                HAL_I2CEx_ConfigAnalogFilter
 .text.HAL_I2CEx_ConfigDigitalFilter
                0x08002342       0x58 Drivers/STM32L4xx_HAL_Driver/stm32l4xx_hal_i2c_ex.o
                0x08002342                HAL_I2CEx_ConfigDigitalFilter
 *fill*         0x0800239a        0x2 
 .text.HAL_PWREx_GetVoltageRange
                0x0800239c       0x10 Drivers/STM32L4xx_HAL_Driver/stm32l4xx_hal_pwr_ex.o
                0x0800239c                HAL_PWREx_GetVoltageRange
 .text.HAL_PWREx_ControlVoltageScaling
                0x080023ac       0x90 Drivers/STM32L4xx_HAL_Driver/stm32l4xx_hal_pwr_ex.o
                0x080023ac                HAL_PWREx_ControlVoltageScaling
 .text.RCC_SetFlashLatencyFromMSIRange
                0x0800243c       0x90 Drivers/STM32L4xx_HAL_Driver/stm32l4xx_hal_rcc.o
 .text.HAL_RCC_GetSysClockFreq
                0x080024cc      0x100 Drivers/STM32L4xx_HAL_Driver/stm32l4xx_hal_rcc.o
                0x080024cc                HAL_RCC_GetSysClockFreq
 .text.HAL_RCC_OscConfig
                0x080025cc      0x580 Drivers/STM32L4xx_HAL_Driver/stm32l4xx_hal_rcc.o
                0x080025cc                HAL_RCC_OscConfig
 .text.HAL_RCC_ClockConfig
                0x08002b4c      0x150 Drivers/STM32L4xx_HAL_Driver/stm32l4xx_hal_rcc.o
                0x08002b4c                HAL_RCC_ClockConfig
 .text.HAL_RCC_GetHCLKFreq
                0x08002c9c        0xc Drivers/STM32L4xx_HAL_Driver/stm32l4xx_hal_rcc.o
                0x08002c9c                HAL_RCC_GetHCLKFreq
 .text.HAL_RCC_GetPCLK1Freq
                0x08002ca8       0x20 Drivers/STM32L4xx_HAL_Driver/stm32l4xx_hal_rcc.o
                0x08002ca8                HAL_RCC_GetPCLK1Freq
 .text.HAL_RCC_GetPCLK2Freq
                0x08002cc8       0x20 Drivers/STM32L4xx_HAL_Driver/stm32l4xx_hal_rcc.o
                0x08002cc8                HAL_RCC_GetPCLK2Freq
 .text.RCCEx_PLLSAI1_Config
                0x08002ce8      0x180 Drivers/STM32L4xx_HAL_Driver/stm32l4xx_hal_rcc_ex.o
 .text.RCCEx_PLLSAI2_Config
                0x08002e68      0x15c Drivers/STM32L4xx_HAL_Driver/stm32l4xx_hal_rcc_ex.o
 .text.HAL_RCCEx_PeriphCLKConfig
                0x08002fc4      0x408 Drivers/STM32L4xx_HAL_Driver/stm32l4xx_hal_rcc_ex.o
                0x08002fc4                HAL_RCCEx_PeriphCLKConfig
 .text.HAL_SPI_Init
                0x080033cc       0xb0 Drivers/STM32L4xx_HAL_Driver/stm32l4xx_hal_spi.o
                0x080033cc                HAL_SPI_Init
 .text.TIM_OC1_SetConfig
                0x0800347c       0x9c Drivers/STM32L4xx_HAL_Driver/stm32l4xx_hal_tim.o
 .text.TIM_OC3_SetConfig
                0x08003518       0x8c Drivers/STM32L4xx_HAL_Driver/stm32l4xx_hal_tim.o
 .text.TIM_OC4_SetConfig
                0x080035a4       0x6c Drivers/STM32L4xx_HAL_Driver/stm32l4xx_hal_tim.o
 .text.TIM_OC5_SetConfig
                0x08003610       0x68 Drivers/STM32L4xx_HAL_Driver/stm32l4xx_hal_tim.o
 .text.TIM_OC6_SetConfig
                0x08003678       0x6c Drivers/STM32L4xx_HAL_Driver/stm32l4xx_hal_tim.o
 .text.HAL_TIM_Base_Start_IT
                0x080036e4       0x34 Drivers/STM32L4xx_HAL_Driver/stm32l4xx_hal_tim.o
                0x080036e4                HAL_TIM_Base_Start_IT
 .text.HAL_TIM_OC_DelayElapsedCallback
                0x08003718        0x2 Drivers/STM32L4xx_HAL_Driver/stm32l4xx_hal_tim.o
                0x08003718                HAL_TIM_OC_DelayElapsedCallback
 .text.HAL_TIM_IC_CaptureCallback
                0x0800371a        0x2 Drivers/STM32L4xx_HAL_Driver/stm32l4xx_hal_tim.o
                0x0800371a                HAL_TIM_IC_CaptureCallback
 .text.HAL_TIM_PWM_PulseFinishedCallback
                0x0800371c        0x2 Drivers/STM32L4xx_HAL_Driver/stm32l4xx_hal_tim.o
                0x0800371c                HAL_TIM_PWM_PulseFinishedCallback
 .text.HAL_TIM_TriggerCallback
                0x0800371e        0x2 Drivers/STM32L4xx_HAL_Driver/stm32l4xx_hal_tim.o
                0x0800371e                HAL_TIM_TriggerCallback
 .text.HAL_TIM_IRQHandler
                0x08003720      0x19a Drivers/STM32L4xx_HAL_Driver/stm32l4xx_hal_tim.o
                0x08003720                HAL_TIM_IRQHandler
 *fill*         0x080038ba        0x2 
 .text.TIM_Base_SetConfig
                0x080038bc       0xc8 Drivers/STM32L4xx_HAL_Driver/stm32l4xx_hal_tim.o
                0x080038bc                TIM_Base_SetConfig
 .text.HAL_TIM_PWM_Init
                0x08003984       0x32 Drivers/STM32L4xx_HAL_Driver/stm32l4xx_hal_tim.o
                0x08003984                HAL_TIM_PWM_Init
 *fill*         0x080039b6        0x2 
 .text.TIM_OC2_SetConfig
                0x080039b8       0x90 Drivers/STM32L4xx_HAL_Driver/stm32l4xx_hal_tim.o
                0x080039b8                TIM_OC2_SetConfig
 .text.HAL_TIM_PWM_ConfigChannel
                0x08003a48      0x134 Drivers/STM32L4xx_HAL_Driver/stm32l4xx_hal_tim.o
                0x08003a48                HAL_TIM_PWM_ConfigChannel
 .text.TIM_CCxChannelCmd
                0x08003b7c       0x22 Drivers/STM32L4xx_HAL_Driver/stm32l4xx_hal_tim.o
                0x08003b7c                TIM_CCxChannelCmd
 *fill*         0x08003b9e        0x2 
 .text.HAL_TIM_PWM_Start
                0x08003ba0       0x80 Drivers/STM32L4xx_HAL_Driver/stm32l4xx_hal_tim.o
                0x08003ba0                HAL_TIM_PWM_Start
 .text.HAL_TIMEx_MasterConfigSynchronization
                0x08003c20       0x64 Drivers/STM32L4xx_HAL_Driver/stm32l4xx_hal_tim_ex.o
                0x08003c20                HAL_TIMEx_MasterConfigSynchronization
 .text.HAL_TIMEx_CommutationCallback
                0x08003c84        0x2 Drivers/STM32L4xx_HAL_Driver/stm32l4xx_hal_tim_ex.o
                0x08003c84                HAL_TIMEx_CommutationCallback
 .text.HAL_TIMEx_BreakCallback
                0x08003c86        0x2 Drivers/STM32L4xx_HAL_Driver/stm32l4xx_hal_tim_ex.o
                0x08003c86                HAL_TIMEx_BreakCallback
 .text.HAL_TIMEx_Break2Callback
                0x08003c88        0x2 Drivers/STM32L4xx_HAL_Driver/stm32l4xx_hal_tim_ex.o
                0x08003c88                HAL_TIMEx_Break2Callback
 *fill*         0x08003c8a        0x2 
 .text.UART_SetConfig
                0x08003c8c      0x410 Drivers/STM32L4xx_HAL_Driver/stm32l4xx_hal_uart.o
                0x08003c8c                UART_SetConfig
 .text.UART_AdvFeatureConfig
                0x0800409c       0xca Drivers/STM32L4xx_HAL_Driver/stm32l4xx_hal_uart.o
                0x0800409c                UART_AdvFeatureConfig
 .text.UART_WaitOnFlagUntilTimeout
                0x08004166       0x64 Drivers/STM32L4xx_HAL_Driver/stm32l4xx_hal_uart.o
                0x08004166                UART_WaitOnFlagUntilTimeout
 .text.UART_CheckIdleState
                0x080041ca       0x70 Drivers/STM32L4xx_HAL_Driver/stm32l4xx_hal_uart.o
                0x080041ca                UART_CheckIdleState
 .text.HAL_UART_Init
                0x0800423a       0x68 Drivers/STM32L4xx_HAL_Driver/stm32l4xx_hal_uart.o
                0x0800423a                HAL_UART_Init
 *fill*         0x080042a2        0x2 
 .text.__libc_init_array
                0x080042a4       0x48 e:/programs/ac6/systemworkbench/plugins/fr.ac6.mcu.externaltools.arm-none.win32_1.15.0.201708311556/tools/compiler/bin/../lib/gcc/arm-none-eabi/6.3.1/../../../../arm-none-eabi/lib/thumb/v7e-m/fpv4-sp/hard\libc_nano.a(lib_a-init.o)
                0x080042a4                __libc_init_array
 *(.glue_7)
 .glue_7        0x080042ec        0x0 linker stubs
 *(.glue_7t)
 .glue_7t       0x080042ec        0x0 linker stubs
 *(.eh_frame)
 .eh_frame      0x080042ec        0x0 e:/programs/ac6/systemworkbench/plugins/fr.ac6.mcu.externaltools.arm-none.win32_1.15.0.201708311556/tools/compiler/bin/../lib/gcc/arm-none-eabi/6.3.1/thumb/v7e-m/fpv4-sp/hard/crtbegin.o
 *(.init)
 .init          0x080042ec        0x4 e:/programs/ac6/systemworkbench/plugins/fr.ac6.mcu.externaltools.arm-none.win32_1.15.0.201708311556/tools/compiler/bin/../lib/gcc/arm-none-eabi/6.3.1/thumb/v7e-m/fpv4-sp/hard/crti.o
                0x080042ec                _init
 .init          0x080042f0        0x8 e:/programs/ac6/systemworkbench/plugins/fr.ac6.mcu.externaltools.arm-none.win32_1.15.0.201708311556/tools/compiler/bin/../lib/gcc/arm-none-eabi/6.3.1/thumb/v7e-m/fpv4-sp/hard/crtn.o
 *(.fini)
 .fini          0x080042f8        0x4 e:/programs/ac6/systemworkbench/plugins/fr.ac6.mcu.externaltools.arm-none.win32_1.15.0.201708311556/tools/compiler/bin/../lib/gcc/arm-none-eabi/6.3.1/thumb/v7e-m/fpv4-sp/hard/crti.o
                0x080042f8                _fini
 .fini          0x080042fc        0x8 e:/programs/ac6/systemworkbench/plugins/fr.ac6.mcu.externaltools.arm-none.win32_1.15.0.201708311556/tools/compiler/bin/../lib/gcc/arm-none-eabi/6.3.1/thumb/v7e-m/fpv4-sp/hard/crtn.o
                0x08004308                . = ALIGN (0x8)
 *fill*         0x08004304        0x4 
                0x08004308                _etext = .

.vfp11_veneer   0x08004308        0x0
 .vfp11_veneer  0x08004308        0x0 linker stubs

.v4_bx          0x08004308        0x0
 .v4_bx         0x08004308        0x0 linker stubs

.iplt           0x08004308        0x0
 .iplt          0x08004308        0x0 e:/programs/ac6/systemworkbench/plugins/fr.ac6.mcu.externaltools.arm-none.win32_1.15.0.201708311556/tools/compiler/bin/../lib/gcc/arm-none-eabi/6.3.1/thumb/v7e-m/fpv4-sp/hard/crtbegin.o

.rodata         0x08004308      0x198
                0x08004308                . = ALIGN (0x8)
 *(.rodata)
 .rodata        0x08004308       0x48 Drivers/CMSIS/system_stm32l4xx.o
                0x08004308                MSIRangeTable
                0x08004338                AHBPrescTable
                0x08004348                APBPrescTable
 *(.rodata*)
 .rodata.str1.4
                0x08004350       0x31 Application/User/i2c.o
 *fill*         0x08004381        0x3 
 .rodata.str1.4
                0x08004384       0x7e Application/User/main.o
 *fill*         0x08004402        0x2 
 .rodata.str1.4
                0x08004404       0x31 Application/User/spi.o
 *fill*         0x08004435        0x3 
 .rodata.str1.4
                0x08004438       0x31 Application/User/tim.o
 *fill*         0x08004469        0x3 
 .rodata.str1.4
                0x0800446c       0x34 Application/User/usart.o
                                 0x33 (size before relaxing)
                0x080044a0                . = ALIGN (0x8)

.ARM.extab      0x080044a0        0x0
                0x080044a0                . = ALIGN (0x8)
 *(.ARM.extab* .gnu.linkonce.armextab.*)
                0x080044a0                . = ALIGN (0x8)

.ARM            0x080044a0        0x8
                0x080044a0                . = ALIGN (0x8)
                0x080044a0                __exidx_start = .
 *(.ARM.exidx*)
 .ARM.exidx     0x080044a0        0x8 e:/programs/ac6/systemworkbench/plugins/fr.ac6.mcu.externaltools.arm-none.win32_1.15.0.201708311556/tools/compiler/bin/../lib/gcc/arm-none-eabi/6.3.1/thumb/v7e-m/fpv4-sp/hard\libgcc.a(_udivmoddi4.o)
                0x080044a8                __exidx_end = .
                0x080044a8                . = ALIGN (0x8)

.rel.dyn        0x080044a8        0x0
 .rel.iplt      0x080044a8        0x0 e:/programs/ac6/systemworkbench/plugins/fr.ac6.mcu.externaltools.arm-none.win32_1.15.0.201708311556/tools/compiler/bin/../lib/gcc/arm-none-eabi/6.3.1/thumb/v7e-m/fpv4-sp/hard/crtbegin.o

.preinit_array  0x080044a8        0x0
                0x080044a8                . = ALIGN (0x8)
                0x080044a8                PROVIDE (__preinit_array_start, .)
 *(.preinit_array*)
                0x080044a8                PROVIDE (__preinit_array_end, .)
                0x080044a8                . = ALIGN (0x8)

.init_array     0x080044a8        0x8
                0x080044a8                . = ALIGN (0x8)
                0x080044a8                PROVIDE (__init_array_start, .)
 *(SORT(.init_array.*))
 *(.init_array*)
 .init_array    0x080044a8        0x4 e:/programs/ac6/systemworkbench/plugins/fr.ac6.mcu.externaltools.arm-none.win32_1.15.0.201708311556/tools/compiler/bin/../lib/gcc/arm-none-eabi/6.3.1/thumb/v7e-m/fpv4-sp/hard/crtbegin.o
                0x080044ac                PROVIDE (__init_array_end, .)
                0x080044b0                . = ALIGN (0x8)
 *fill*         0x080044ac        0x4 

.fini_array     0x080044b0        0x8
                0x080044b0                . = ALIGN (0x8)
                [!provide]                PROVIDE (__fini_array_start, .)
 *(SORT(.fini_array.*))
 *(.fini_array*)
 .fini_array    0x080044b0        0x4 e:/programs/ac6/systemworkbench/plugins/fr.ac6.mcu.externaltools.arm-none.win32_1.15.0.201708311556/tools/compiler/bin/../lib/gcc/arm-none-eabi/6.3.1/thumb/v7e-m/fpv4-sp/hard/crtbegin.o
                [!provide]                PROVIDE (__fini_array_end, .)
                0x080044b8                . = ALIGN (0x8)
 *fill*         0x080044b4        0x4 
                0x080044b8                _sidata = LOADADDR (.data)

.data           0x20000000        0x8 load address 0x080044b8
                0x20000000                . = ALIGN (0x8)
                0x20000000                _sdata = .
 *(.data)
 .data          0x20000000        0x1 Application/User/main.o
 *fill*         0x20000001        0x3 
 .data          0x20000004        0x4 Drivers/CMSIS/system_stm32l4xx.o
                0x20000004                SystemCoreClock
 *(.data*)
                0x20000008                . = ALIGN (0x8)
                0x20000008                _edata = .

.jcr            0x20000008        0x0 load address 0x080044c0
 .jcr           0x20000008        0x0 e:/programs/ac6/systemworkbench/plugins/fr.ac6.mcu.externaltools.arm-none.win32_1.15.0.201708311556/tools/compiler/bin/../lib/gcc/arm-none-eabi/6.3.1/thumb/v7e-m/fpv4-sp/hard/crtbegin.o

.igot.plt       0x20000008        0x0 load address 0x080044c0
 .igot.plt      0x20000008        0x0 e:/programs/ac6/systemworkbench/plugins/fr.ac6.mcu.externaltools.arm-none.win32_1.15.0.201708311556/tools/compiler/bin/../lib/gcc/arm-none-eabi/6.3.1/thumb/v7e-m/fpv4-sp/hard/crtbegin.o
                0x20000008                . = ALIGN (0x4)

.bss            0x20000008      0x380 load address 0x080044c0
                0x20000008                _sbss = .
                0x20000008                __bss_start__ = _sbss
 *(.bss)
 .bss           0x20000008       0x1c e:/programs/ac6/systemworkbench/plugins/fr.ac6.mcu.externaltools.arm-none.win32_1.15.0.201708311556/tools/compiler/bin/../lib/gcc/arm-none-eabi/6.3.1/thumb/v7e-m/fpv4-sp/hard/crtbegin.o
 .bss           0x20000024        0x1 Application/User/lcd_i2c_hd44780.o
                0x20000024                buf
 .bss           0x20000025        0x6 Application/User/main.o
                0x20000026                Duty
                0x20000027                button_state_changed_flag
                0x20000028                transformer_set_flag
                0x20000029                injection_safe_set_flag
                0x2000002a                injection_set_flag
 *(.bss*)
 *(COMMON)
 *fill*         0x2000002b        0x1 
 COMMON         0x2000002c       0xdc Application/User/i2c.o
                0x2000002c                hdma_i2c1_tx
                0x20000074                hi2c1
                0x200000c0                hdma_i2c1_rx
 COMMON         0x20000108       0x68 Application/User/lcd_i2c_hd44780.o
                0x20000108                portlcd
                0x2000010c                strl
 COMMON         0x20000170       0x64 Application/User/spi.o
                0x20000170                hspi1
 COMMON         0x200001d4       0xc0 Application/User/tim.o
                0x200001d4                htim4
                0x20000214                htim5
                0x20000254                htim3
 COMMON         0x20000294       0xf0 Application/User/usart.o
                0x20000294                huart1
                0x2000030c                huart2
 COMMON         0x20000384        0x4 Drivers/STM32L4xx_HAL_Driver/stm32l4xx_hal.o
                0x20000384                uwTick
                0x20000388                . = ALIGN (0x4)
                0x20000388                _ebss = .
                0x20000388                __bss_end__ = _ebss

._user_heap_stack
                0x20000388      0x600 load address 0x080044c0
                0x20000388                . = ALIGN (0x8)
                [!provide]                PROVIDE (end, .)
                [!provide]                PROVIDE (_end, .)
                0x20000588                . = (. + _Min_Heap_Size)
 *fill*         0x20000388      0x200 
                0x20000988                . = (. + _Min_Stack_Size)
 *fill*         0x20000588      0x400 
                0x20000988                . = ALIGN (0x8)

/DISCARD/
 libc.a(*)
 libm.a(*)
 libgcc.a(*)

.ARM.attributes
                0x00000000       0x30
 *(.ARM.attributes)
 .ARM.attributes
                0x00000000       0x22 e:/programs/ac6/systemworkbench/plugins/fr.ac6.mcu.externaltools.arm-none.win32_1.15.0.201708311556/tools/compiler/bin/../lib/gcc/arm-none-eabi/6.3.1/thumb/v7e-m/fpv4-sp/hard/crti.o
 .ARM.attributes
                0x00000022       0x34 e:/programs/ac6/systemworkbench/plugins/fr.ac6.mcu.externaltools.arm-none.win32_1.15.0.201708311556/tools/compiler/bin/../lib/gcc/arm-none-eabi/6.3.1/thumb/v7e-m/fpv4-sp/hard/crtbegin.o
 .ARM.attributes
                0x00000056       0x21 Application/SW4STM32/startup_stm32l471xx.o
 .ARM.attributes
                0x00000077       0x39 Application/User/dma.o
 .ARM.attributes
                0x000000b0       0x39 Application/User/gpio.o
 .ARM.attributes
                0x000000e9       0x39 Application/User/i2c.o
 .ARM.attributes
                0x00000122       0x39 Application/User/lcd_i2c_hd44780.o
 .ARM.attributes
                0x0000015b       0x39 Application/User/main.o
 .ARM.attributes
                0x00000194       0x39 Application/User/spi.o
 .ARM.attributes
                0x000001cd       0x39 Application/User/stm32l4xx_hal_msp.o
 .ARM.attributes
                0x00000206       0x39 Application/User/stm32l4xx_it.o
 .ARM.attributes
                0x0000023f       0x39 Application/User/tim.o
 .ARM.attributes
                0x00000278       0x39 Application/User/usart.o
 .ARM.attributes
                0x000002b1       0x39 Drivers/CMSIS/system_stm32l4xx.o
 .ARM.attributes
                0x000002ea       0x39 Drivers/STM32L4xx_HAL_Driver/stm32l4xx_hal.o
 .ARM.attributes
                0x00000323       0x39 Drivers/STM32L4xx_HAL_Driver/stm32l4xx_hal_cortex.o
 .ARM.attributes
                0x0000035c       0x39 Drivers/STM32L4xx_HAL_Driver/stm32l4xx_hal_dma.o
 .ARM.attributes
                0x00000395       0x39 Drivers/STM32L4xx_HAL_Driver/stm32l4xx_hal_gpio.o
 .ARM.attributes
                0x000003ce       0x39 Drivers/STM32L4xx_HAL_Driver/stm32l4xx_hal_i2c.o
 .ARM.attributes
                0x00000407       0x39 Drivers/STM32L4xx_HAL_Driver/stm32l4xx_hal_i2c_ex.o
 .ARM.attributes
                0x00000440       0x39 Drivers/STM32L4xx_HAL_Driver/stm32l4xx_hal_pwr_ex.o
 .ARM.attributes
                0x00000479       0x39 Drivers/STM32L4xx_HAL_Driver/stm32l4xx_hal_rcc.o
 .ARM.attributes
                0x000004b2       0x39 Drivers/STM32L4xx_HAL_Driver/stm32l4xx_hal_rcc_ex.o
 .ARM.attributes
                0x000004eb       0x39 Drivers/STM32L4xx_HAL_Driver/stm32l4xx_hal_spi.o
 .ARM.attributes
                0x00000524       0x39 Drivers/STM32L4xx_HAL_Driver/stm32l4xx_hal_tim.o
 .ARM.attributes
                0x0000055d       0x39 Drivers/STM32L4xx_HAL_Driver/stm32l4xx_hal_tim_ex.o
 .ARM.attributes
                0x00000596       0x39 Drivers/STM32L4xx_HAL_Driver/stm32l4xx_hal_uart.o
 .ARM.attributes
                0x000005cf       0x22 e:/programs/ac6/systemworkbench/plugins/fr.ac6.mcu.externaltools.arm-none.win32_1.15.0.201708311556/tools/compiler/bin/../lib/gcc/arm-none-eabi/6.3.1/thumb/v7e-m/fpv4-sp/hard\libgcc.a(_aeabi_uldivmod.o)
 .ARM.attributes
                0x000005f1       0x34 e:/programs/ac6/systemworkbench/plugins/fr.ac6.mcu.externaltools.arm-none.win32_1.15.0.201708311556/tools/compiler/bin/../lib/gcc/arm-none-eabi/6.3.1/thumb/v7e-m/fpv4-sp/hard\libgcc.a(_udivmoddi4.o)
 .ARM.attributes
                0x00000625       0x22 e:/programs/ac6/systemworkbench/plugins/fr.ac6.mcu.externaltools.arm-none.win32_1.15.0.201708311556/tools/compiler/bin/../lib/gcc/arm-none-eabi/6.3.1/thumb/v7e-m/fpv4-sp/hard\libgcc.a(_dvmd_tls.o)
 .ARM.attributes
                0x00000647       0x34 e:/programs/ac6/systemworkbench/plugins/fr.ac6.mcu.externaltools.arm-none.win32_1.15.0.201708311556/tools/compiler/bin/../lib/gcc/arm-none-eabi/6.3.1/../../../../arm-none-eabi/lib/thumb/v7e-m/fpv4-sp/hard\libc_nano.a(lib_a-init.o)
 .ARM.attributes
                0x0000067b       0x22 e:/programs/ac6/systemworkbench/plugins/fr.ac6.mcu.externaltools.arm-none.win32_1.15.0.201708311556/tools/compiler/bin/../lib/gcc/arm-none-eabi/6.3.1/thumb/v7e-m/fpv4-sp/hard/crtn.o
OUTPUT(Control_uc.elf elf32-littlearm)

.debug_line     0x00000000    0x12ccb
 .debug_line    0x00000000       0xa4 Application/SW4STM32/startup_stm32l471xx.o
 .debug_line    0x000000a4      0x866 Application/User/dma.o
 .debug_line    0x0000090a      0x887 Application/User/gpio.o
 .debug_line    0x00001191      0x8d9 Application/User/i2c.o
 .debug_line    0x00001a6a      0x928 Application/User/lcd_i2c_hd44780.o
 .debug_line    0x00002392      0x9ba Application/User/main.o
 .debug_line    0x00002d4c      0x8ab Application/User/spi.o
 .debug_line    0x000035f7      0x870 Application/User/stm32l4xx_hal_msp.o
 .debug_line    0x00003e67      0x9a1 Application/User/stm32l4xx_it.o
 .debug_line    0x00004808      0x94d Application/User/tim.o
 .debug_line    0x00005155      0x8df Application/User/usart.o
 .debug_line    0x00005a34      0x8a9 Drivers/CMSIS/system_stm32l4xx.o
 .debug_line    0x000062dd      0xab3 Drivers/STM32L4xx_HAL_Driver/stm32l4xx_hal.o
 .debug_line    0x00006d90      0xa7d Drivers/STM32L4xx_HAL_Driver/stm32l4xx_hal_cortex.o
 .debug_line    0x0000780d      0xad8 Drivers/STM32L4xx_HAL_Driver/stm32l4xx_hal_dma.o
 .debug_line    0x000082e5      0x9ed Drivers/STM32L4xx_HAL_Driver/stm32l4xx_hal_gpio.o
 .debug_line    0x00008cd2     0x1ce7 Drivers/STM32L4xx_HAL_Driver/stm32l4xx_hal_i2c.o
 .debug_line    0x0000a9b9      0x9cc Drivers/STM32L4xx_HAL_Driver/stm32l4xx_hal_i2c_ex.o
 .debug_line    0x0000b385      0xc6a Drivers/STM32L4xx_HAL_Driver/stm32l4xx_hal_pwr_ex.o
 .debug_line    0x0000bfef      0xbb4 Drivers/STM32L4xx_HAL_Driver/stm32l4xx_hal_rcc.o
 .debug_line    0x0000cba3      0xe3c Drivers/STM32L4xx_HAL_Driver/stm32l4xx_hal_rcc_ex.o
 .debug_line    0x0000d9df     0x138a Drivers/STM32L4xx_HAL_Driver/stm32l4xx_hal_spi.o
 .debug_line    0x0000ed69     0x1c00 Drivers/STM32L4xx_HAL_Driver/stm32l4xx_hal_tim.o
 .debug_line    0x00010969      0xf5b Drivers/STM32L4xx_HAL_Driver/stm32l4xx_hal_tim_ex.o
 .debug_line    0x000118c4     0x1407 Drivers/STM32L4xx_HAL_Driver/stm32l4xx_hal_uart.o

.debug_info     0x00000000    0x26038
 .debug_info    0x00000000       0xab Application/SW4STM32/startup_stm32l471xx.o
 .debug_info    0x000000ab      0xe33 Application/User/dma.o
 .debug_info    0x00000ede     0x111b Application/User/gpio.o
 .debug_info    0x00001ff9     0x16c6 Application/User/i2c.o
 .debug_info    0x000036bf     0x1326 Application/User/lcd_i2c_hd44780.o
 .debug_info    0x000049e5     0x27c0 Application/User/main.o
 .debug_info    0x000071a5     0x126e Application/User/spi.o
 .debug_info    0x00008413      0xed4 Application/User/stm32l4xx_hal_msp.o
 .debug_info    0x000092e7     0x13fd Application/User/stm32l4xx_it.o
 .debug_info    0x0000a6e4     0x1a35 Application/User/tim.o
 .debug_info    0x0000c119     0x13f9 Application/User/usart.o
 .debug_info    0x0000d512      0xde9 Drivers/CMSIS/system_stm32l4xx.o
 .debug_info    0x0000e2fb     0x130d Drivers/STM32L4xx_HAL_Driver/stm32l4xx_hal.o
 .debug_info    0x0000f608     0x177d Drivers/STM32L4xx_HAL_Driver/stm32l4xx_hal_cortex.o
 .debug_info    0x00010d85     0x1062 Drivers/STM32L4xx_HAL_Driver/stm32l4xx_hal_dma.o
 .debug_info    0x00011de7     0x1090 Drivers/STM32L4xx_HAL_Driver/stm32l4xx_hal_gpio.o
 .debug_info    0x00012e77     0x3fb8 Drivers/STM32L4xx_HAL_Driver/stm32l4xx_hal_i2c.o
 .debug_info    0x00016e2f     0x1256 Drivers/STM32L4xx_HAL_Driver/stm32l4xx_hal_i2c_ex.o
 .debug_info    0x00018085     0x126a Drivers/STM32L4xx_HAL_Driver/stm32l4xx_hal_pwr_ex.o
 .debug_info    0x000192ef     0x15d0 Drivers/STM32L4xx_HAL_Driver/stm32l4xx_hal_rcc.o
 .debug_info    0x0001a8bf     0x18b5 Drivers/STM32L4xx_HAL_Driver/stm32l4xx_hal_rcc_ex.o
 .debug_info    0x0001c174     0x25c1 Drivers/STM32L4xx_HAL_Driver/stm32l4xx_hal_spi.o
 .debug_info    0x0001e735     0x37d8 Drivers/STM32L4xx_HAL_Driver/stm32l4xx_hal_tim.o
 .debug_info    0x00021f0d     0x1d32 Drivers/STM32L4xx_HAL_Driver/stm32l4xx_hal_tim_ex.o
 .debug_info    0x00023c3f     0x23f9 Drivers/STM32L4xx_HAL_Driver/stm32l4xx_hal_uart.o

.debug_abbrev   0x00000000     0x4025
 .debug_abbrev  0x00000000       0x12 Application/SW4STM32/startup_stm32l471xx.o
 .debug_abbrev  0x00000012      0x232 Application/User/dma.o
 .debug_abbrev  0x00000244      0x232 Application/User/gpio.o
 .debug_abbrev  0x00000476      0x27b Application/User/i2c.o
 .debug_abbrev  0x000006f1      0x29f Application/User/lcd_i2c_hd44780.o
 .debug_abbrev  0x00000990      0x324 Application/User/main.o
 .debug_abbrev  0x00000cb4      0x256 Application/User/spi.o
 .debug_abbrev  0x00000f0a      0x232 Application/User/stm32l4xx_hal_msp.o
 .debug_abbrev  0x0000113c      0x25b Application/User/stm32l4xx_it.o
 .debug_abbrev  0x00001397      0x297 Application/User/tim.o
 .debug_abbrev  0x0000162e      0x256 Application/User/usart.o
 .debug_abbrev  0x00001884      0x226 Drivers/CMSIS/system_stm32l4xx.o
 .debug_abbrev  0x00001aaa      0x2ec Drivers/STM32L4xx_HAL_Driver/stm32l4xx_hal.o
 .debug_abbrev  0x00001d96      0x3b8 Drivers/STM32L4xx_HAL_Driver/stm32l4xx_hal_cortex.o
 .debug_abbrev  0x0000214e      0x2da Drivers/STM32L4xx_HAL_Driver/stm32l4xx_hal_dma.o
 .debug_abbrev  0x00002428      0x2a5 Drivers/STM32L4xx_HAL_Driver/stm32l4xx_hal_gpio.o
 .debug_abbrev  0x000026cd      0x2dd Drivers/STM32L4xx_HAL_Driver/stm32l4xx_hal_i2c.o
 .debug_abbrev  0x000029aa      0x255 Drivers/STM32L4xx_HAL_Driver/stm32l4xx_hal_i2c_ex.o
 .debug_abbrev  0x00002bff      0x2d2 Drivers/STM32L4xx_HAL_Driver/stm32l4xx_hal_pwr_ex.o
 .debug_abbrev  0x00002ed1      0x2ea Drivers/STM32L4xx_HAL_Driver/stm32l4xx_hal_rcc.o
 .debug_abbrev  0x000031bb      0x30a Drivers/STM32L4xx_HAL_Driver/stm32l4xx_hal_rcc_ex.o
 .debug_abbrev  0x000034c5      0x2df Drivers/STM32L4xx_HAL_Driver/stm32l4xx_hal_spi.o
 .debug_abbrev  0x000037a4      0x2b1 Drivers/STM32L4xx_HAL_Driver/stm32l4xx_hal_tim.o
 .debug_abbrev  0x00003a55      0x2dc Drivers/STM32L4xx_HAL_Driver/stm32l4xx_hal_tim_ex.o
 .debug_abbrev  0x00003d31      0x2f4 Drivers/STM32L4xx_HAL_Driver/stm32l4xx_hal_uart.o

.debug_aranges  0x00000000     0x1368
 .debug_aranges
                0x00000000       0x28 Application/SW4STM32/startup_stm32l471xx.o
 .debug_aranges
                0x00000028       0x20 Application/User/dma.o
 .debug_aranges
                0x00000048       0x20 Application/User/gpio.o
 .debug_aranges
                0x00000068       0x30 Application/User/i2c.o
 .debug_aranges
                0x00000098       0x60 Application/User/lcd_i2c_hd44780.o
 .debug_aranges
                0x000000f8       0x60 Application/User/main.o
 .debug_aranges
                0x00000158       0x30 Application/User/spi.o
 .debug_aranges
                0x00000188       0x20 Application/User/stm32l4xx_hal_msp.o
 .debug_aranges
                0x000001a8       0xb0 Application/User/stm32l4xx_it.o
 .debug_aranges
                0x00000258       0x48 Application/User/tim.o
 .debug_aranges
                0x000002a0       0x38 Application/User/usart.o
 .debug_aranges
                0x000002d8       0x28 Drivers/CMSIS/system_stm32l4xx.o
 .debug_aranges
                0x00000300      0x118 Drivers/STM32L4xx_HAL_Driver/stm32l4xx_hal.o
 .debug_aranges
                0x00000418       0xa8 Drivers/STM32L4xx_HAL_Driver/stm32l4xx_hal_cortex.o
 .debug_aranges
                0x000004c0       0x80 Drivers/STM32L4xx_HAL_Driver/stm32l4xx_hal_dma.o
 .debug_aranges
                0x00000540       0x58 Drivers/STM32L4xx_HAL_Driver/stm32l4xx_hal_gpio.o
 .debug_aranges
                0x00000598      0x288 Drivers/STM32L4xx_HAL_Driver/stm32l4xx_hal_i2c.o
 .debug_aranges
                0x00000820       0x48 Drivers/STM32L4xx_HAL_Driver/stm32l4xx_hal_i2c_ex.o
 .debug_aranges
                0x00000868      0x120 Drivers/STM32L4xx_HAL_Driver/stm32l4xx_hal_pwr_ex.o
 .debug_aranges
                0x00000988       0x88 Drivers/STM32L4xx_HAL_Driver/stm32l4xx_hal_rcc.o
 .debug_aranges
                0x00000a10       0xb8 Drivers/STM32L4xx_HAL_Driver/stm32l4xx_hal_rcc_ex.o
 .debug_aranges
                0x00000ac8      0x1d8 Drivers/STM32L4xx_HAL_Driver/stm32l4xx_hal_spi.o
 .debug_aranges
                0x00000ca0      0x378 Drivers/STM32L4xx_HAL_Driver/stm32l4xx_hal_tim.o
 .debug_aranges
                0x00001018      0x158 Drivers/STM32L4xx_HAL_Driver/stm32l4xx_hal_tim_ex.o
 .debug_aranges
                0x00001170      0x1f8 Drivers/STM32L4xx_HAL_Driver/stm32l4xx_hal_uart.o

.debug_ranges   0x00000000     0x1290
 .debug_ranges  0x00000000       0x20 Application/SW4STM32/startup_stm32l471xx.o
 .debug_ranges  0x00000020       0x10 Application/User/dma.o
 .debug_ranges  0x00000030       0x10 Application/User/gpio.o
 .debug_ranges  0x00000040       0x20 Application/User/i2c.o
 .debug_ranges  0x00000060       0x50 Application/User/lcd_i2c_hd44780.o
 .debug_ranges  0x000000b0       0x68 Application/User/main.o
 .debug_ranges  0x00000118       0x20 Application/User/spi.o
 .debug_ranges  0x00000138       0x10 Application/User/stm32l4xx_hal_msp.o
 .debug_ranges  0x00000148       0xa0 Application/User/stm32l4xx_it.o
 .debug_ranges  0x000001e8       0x38 Application/User/tim.o
 .debug_ranges  0x00000220       0x28 Application/User/usart.o
 .debug_ranges  0x00000248       0x18 Drivers/CMSIS/system_stm32l4xx.o
 .debug_ranges  0x00000260      0x108 Drivers/STM32L4xx_HAL_Driver/stm32l4xx_hal.o
 .debug_ranges  0x00000368       0xf8 Drivers/STM32L4xx_HAL_Driver/stm32l4xx_hal_cortex.o
 .debug_ranges  0x00000460       0x70 Drivers/STM32L4xx_HAL_Driver/stm32l4xx_hal_dma.o
 .debug_ranges  0x000004d0       0x48 Drivers/STM32L4xx_HAL_Driver/stm32l4xx_hal_gpio.o
 .debug_ranges  0x00000518      0x278 Drivers/STM32L4xx_HAL_Driver/stm32l4xx_hal_i2c.o
 .debug_ranges  0x00000790       0x38 Drivers/STM32L4xx_HAL_Driver/stm32l4xx_hal_i2c_ex.o
 .debug_ranges  0x000007c8      0x110 Drivers/STM32L4xx_HAL_Driver/stm32l4xx_hal_pwr_ex.o
 .debug_ranges  0x000008d8       0x90 Drivers/STM32L4xx_HAL_Driver/stm32l4xx_hal_rcc.o
 .debug_ranges  0x00000968       0xc8 Drivers/STM32L4xx_HAL_Driver/stm32l4xx_hal_rcc_ex.o
 .debug_ranges  0x00000a30      0x1c8 Drivers/STM32L4xx_HAL_Driver/stm32l4xx_hal_spi.o
 .debug_ranges  0x00000bf8      0x368 Drivers/STM32L4xx_HAL_Driver/stm32l4xx_hal_tim.o
 .debug_ranges  0x00000f60      0x148 Drivers/STM32L4xx_HAL_Driver/stm32l4xx_hal_tim_ex.o
 .debug_ranges  0x000010a8      0x1e8 Drivers/STM32L4xx_HAL_Driver/stm32l4xx_hal_uart.o

.debug_macro    0x00000000    0x26fe4
 .debug_macro   0x00000000      0x34e Application/User/dma.o
 .debug_macro   0x0000034e      0x8bc Application/User/dma.o
 .debug_macro   0x00000c0a       0xa6 Application/User/dma.o
 .debug_macro   0x00000cb0       0xba Application/User/dma.o
 .debug_macro   0x00000d6a       0x2e Application/User/dma.o
 .debug_macro   0x00000d98       0x28 Application/User/dma.o
 .debug_macro   0x00000dc0       0x22 Application/User/dma.o
 .debug_macro   0x00000de2       0x87 Application/User/dma.o
 .debug_macro   0x00000e69       0x51 Application/User/dma.o
 .debug_macro   0x00000eba       0xef Application/User/dma.o
 .debug_macro   0x00000fa9       0x6a Application/User/dma.o
 .debug_macro   0x00001013      0x1df Application/User/dma.o
 .debug_macro   0x000011f2       0x35 Application/User/dma.o
 .debug_macro   0x00001227       0x50 Application/User/dma.o
 .debug_macro   0x00001277      0xe66 Application/User/dma.o
 .debug_macro   0x000020dd    0x176f7 Application/User/dma.o
 .debug_macro   0x000197d4       0x43 Application/User/dma.o
 .debug_macro   0x00019817     0x3788 Application/User/dma.o
 .debug_macro   0x0001cf9f       0x58 Application/User/dma.o
 .debug_macro   0x0001cff7       0x35 Application/User/dma.o
 .debug_macro   0x0001d02c       0x9c Application/User/dma.o
 .debug_macro   0x0001d0c8       0x16 Application/User/dma.o
 .debug_macro   0x0001d0de       0x97 Application/User/dma.o
 .debug_macro   0x0001d175      0x330 Application/User/dma.o
 .debug_macro   0x0001d4a5       0xfd Application/User/dma.o
 .debug_macro   0x0001d5a2       0x10 Application/User/dma.o
 .debug_macro   0x0001d5b2       0x58 Application/User/dma.o
 .debug_macro   0x0001d60a       0x1f Application/User/dma.o
 .debug_macro   0x0001d629       0x43 Application/User/dma.o
 .debug_macro   0x0001d66c       0x20 Application/User/dma.o
 .debug_macro   0x0001d68c      0x187 Application/User/dma.o
 .debug_macro   0x0001d813       0x10 Application/User/dma.o
 .debug_macro   0x0001d823       0x1c Application/User/dma.o
 .debug_macro   0x0001d83f       0x52 Application/User/dma.o
 .debug_macro   0x0001d891       0x40 Application/User/dma.o
 .debug_macro   0x0001d8d1       0x10 Application/User/dma.o
 .debug_macro   0x0001d8e1       0x40 Application/User/dma.o
 .debug_macro   0x0001d921       0xd7 Application/User/dma.o
 .debug_macro   0x0001d9f8       0x16 Application/User/dma.o
 .debug_macro   0x0001da0e      0x18b Application/User/dma.o
 .debug_macro   0x0001db99       0x50 Application/User/dma.o
 .debug_macro   0x0001dbe9     0x14d3 Application/User/dma.o
 .debug_macro   0x0001f0bc      0x566 Application/User/dma.o
 .debug_macro   0x0001f622      0x148 Application/User/dma.o
 .debug_macro   0x0001f76a      0x176 Application/User/dma.o
 .debug_macro   0x0001f8e0      0x26b Application/User/dma.o
 .debug_macro   0x0001fb4b      0x23a Application/User/dma.o
 .debug_macro   0x0001fd85      0x36e Application/User/dma.o
 .debug_macro   0x000200f3       0xe4 Application/User/dma.o
 .debug_macro   0x000201d7      0x225 Application/User/dma.o
 .debug_macro   0x000203fc       0x61 Application/User/dma.o
 .debug_macro   0x0002045d       0x97 Application/User/dma.o
 .debug_macro   0x000204f4      0x126 Application/User/dma.o
 .debug_macro   0x0002061a      0x365 Application/User/dma.o
 .debug_macro   0x0002097f      0x2e9 Application/User/dma.o
 .debug_macro   0x00020c68      0x9f7 Application/User/dma.o
 .debug_macro   0x0002165f      0x1ee Application/User/dma.o
 .debug_macro   0x0002184d      0x55f Application/User/dma.o
 .debug_macro   0x00021dac       0x44 Application/User/dma.o
 .debug_macro   0x00021df0      0x325 Application/User/dma.o
 .debug_macro   0x00022115      0x34e Application/User/gpio.o
 .debug_macro   0x00022463      0x362 Application/User/i2c.o
 .debug_macro   0x000227c5      0x353 Application/User/lcd_i2c_hd44780.o
 .debug_macro   0x00022b18       0xd0 Application/User/lcd_i2c_hd44780.o
 .debug_macro   0x00022be8      0x384 Application/User/main.o
 .debug_macro   0x00022f6c      0x358 Application/User/spi.o
 .debug_macro   0x000232c4      0x344 Application/User/stm32l4xx_hal_msp.o
 .debug_macro   0x00023608      0x34e Application/User/stm32l4xx_it.o
 .debug_macro   0x00023956      0x34e Application/User/tim.o
 .debug_macro   0x00023ca4      0x358 Application/User/usart.o
 .debug_macro   0x00023ffc      0x34b Drivers/CMSIS/system_stm32l4xx.o
 .debug_macro   0x00024347      0x392 Drivers/STM32L4xx_HAL_Driver/stm32l4xx_hal.o
 .debug_macro   0x000246d9      0x344 Drivers/STM32L4xx_HAL_Driver/stm32l4xx_hal_cortex.o
 .debug_macro   0x00024a1d      0x344 Drivers/STM32L4xx_HAL_Driver/stm32l4xx_hal_dma.o
 .debug_macro   0x00024d61      0x383 Drivers/STM32L4xx_HAL_Driver/stm32l4xx_hal_gpio.o
 .debug_macro   0x000250e4      0x410 Drivers/STM32L4xx_HAL_Driver/stm32l4xx_hal_i2c.o
 .debug_macro   0x000254f4      0x344 Drivers/STM32L4xx_HAL_Driver/stm32l4xx_hal_i2c_ex.o
 .debug_macro   0x00025838      0x368 Drivers/STM32L4xx_HAL_Driver/stm32l4xx_hal_pwr_ex.o
 .debug_macro   0x00025ba0      0x386 Drivers/STM32L4xx_HAL_Driver/stm32l4xx_hal_rcc.o
 .debug_macro   0x00025f26      0x37a Drivers/STM32L4xx_HAL_Driver/stm32l4xx_hal_rcc_ex.o
 .debug_macro   0x000262a0      0x34c Drivers/STM32L4xx_HAL_Driver/stm32l4xx_hal_spi.o
 .debug_macro   0x000265ec      0x345 Drivers/STM32L4xx_HAL_Driver/stm32l4xx_hal_tim.o
 .debug_macro   0x00026931      0x344 Drivers/STM32L4xx_HAL_Driver/stm32l4xx_hal_tim_ex.o
 .debug_macro   0x00026c75      0x36f Drivers/STM32L4xx_HAL_Driver/stm32l4xx_hal_uart.o

.debug_str      0x00000000    0xe0e2f
 .debug_str     0x00000000    0xdaa8f Application/User/dma.o
                              0xdae4d (size before relaxing)
 .debug_str     0x000daa8f       0xfd Application/User/gpio.o
                              0xdaf12 (size before relaxing)
 .debug_str     0x000dab8c      0x4fd Application/User/i2c.o
                              0xdb485 (size before relaxing)
 .debug_str     0x000db089      0x4a3 Application/User/lcd_i2c_hd44780.o
                              0xdb137 (size before relaxing)
 .debug_str     0x000db52c      0xc24 Application/User/main.o
                              0xdbf86 (size before relaxing)
 .debug_str     0x000dc150       0x6a Application/User/spi.o
                              0xdae3f (size before relaxing)
 .debug_str     0x000dc1ba       0x68 Application/User/stm32l4xx_hal_msp.o
                              0xdae5c (size before relaxing)
 .debug_str     0x000dc222      0x22b Application/User/stm32l4xx_it.o
                              0xdb117 (size before relaxing)
 .debug_str     0x000dc44d      0x19c Application/User/tim.o
                              0xdb4cd (size before relaxing)
 .debug_str     0x000dc5e9       0x70 Application/User/usart.o
                              0xdaf0f (size before relaxing)
 .debug_str     0x000dc659       0xec Drivers/CMSIS/system_stm32l4xx.o
                              0xda9fe (size before relaxing)
 .debug_str     0x000dc745      0x5a5 Drivers/STM32L4xx_HAL_Driver/stm32l4xx_hal.o
                              0xdb512 (size before relaxing)
 .debug_str     0x000dccea      0x339 Drivers/STM32L4xx_HAL_Driver/stm32l4xx_hal_cortex.o
                              0xdb231 (size before relaxing)
 .debug_str     0x000dd023      0x248 Drivers/STM32L4xx_HAL_Driver/stm32l4xx_hal_dma.o
                              0xdac9e (size before relaxing)
 .debug_str     0x000dd26b      0x21e Drivers/STM32L4xx_HAL_Driver/stm32l4xx_hal_gpio.o
                              0xdacd9 (size before relaxing)
 .debug_str     0x000dd489      0xe30 Drivers/STM32L4xx_HAL_Driver/stm32l4xx_hal_i2c.o
                              0xdbb8a (size before relaxing)
 .debug_str     0x000de2b9       0xdc Drivers/STM32L4xx_HAL_Driver/stm32l4xx_hal_i2c_ex.o
                              0xdaf43 (size before relaxing)
 .debug_str     0x000de395      0x46d Drivers/STM32L4xx_HAL_Driver/stm32l4xx_hal_pwr_ex.o
                              0xdaea3 (size before relaxing)
 .debug_str     0x000de802      0x36d Drivers/STM32L4xx_HAL_Driver/stm32l4xx_hal_rcc.o
                              0xdafd8 (size before relaxing)
 .debug_str     0x000deb6f      0x3b9 Drivers/STM32L4xx_HAL_Driver/stm32l4xx_hal_rcc_ex.o
                              0xdb19b (size before relaxing)
 .debug_str     0x000def28      0x543 Drivers/STM32L4xx_HAL_Driver/stm32l4xx_hal_spi.o
                              0xdb1ce (size before relaxing)
 .debug_str     0x000df46b      0xc66 Drivers/STM32L4xx_HAL_Driver/stm32l4xx_hal_tim.o
                              0xdba4e (size before relaxing)
 .debug_str     0x000e00d1      0x5a9 Drivers/STM32L4xx_HAL_Driver/stm32l4xx_hal_tim_ex.o
                              0xdb419 (size before relaxing)
 .debug_str     0x000e067a      0x7b5 Drivers/STM32L4xx_HAL_Driver/stm32l4xx_hal_uart.o
                              0xdb6b5 (size before relaxing)

.comment        0x00000000       0x7f
 .comment       0x00000000       0x7f Application/User/dma.o
                                 0x80 (size before relaxing)
 .comment       0x0000007f       0x80 Application/User/gpio.o
 .comment       0x0000007f       0x80 Application/User/i2c.o
 .comment       0x0000007f       0x80 Application/User/lcd_i2c_hd44780.o
 .comment       0x0000007f       0x80 Application/User/main.o
 .comment       0x0000007f       0x80 Application/User/spi.o
 .comment       0x0000007f       0x80 Application/User/stm32l4xx_hal_msp.o
 .comment       0x0000007f       0x80 Application/User/stm32l4xx_it.o
 .comment       0x0000007f       0x80 Application/User/tim.o
 .comment       0x0000007f       0x80 Application/User/usart.o
 .comment       0x0000007f       0x80 Drivers/CMSIS/system_stm32l4xx.o
 .comment       0x0000007f       0x80 Drivers/STM32L4xx_HAL_Driver/stm32l4xx_hal.o
 .comment       0x0000007f       0x80 Drivers/STM32L4xx_HAL_Driver/stm32l4xx_hal_cortex.o
 .comment       0x0000007f       0x80 Drivers/STM32L4xx_HAL_Driver/stm32l4xx_hal_dma.o
 .comment       0x0000007f       0x80 Drivers/STM32L4xx_HAL_Driver/stm32l4xx_hal_gpio.o
 .comment       0x0000007f       0x80 Drivers/STM32L4xx_HAL_Driver/stm32l4xx_hal_i2c.o
 .comment       0x0000007f       0x80 Drivers/STM32L4xx_HAL_Driver/stm32l4xx_hal_i2c_ex.o
 .comment       0x0000007f       0x80 Drivers/STM32L4xx_HAL_Driver/stm32l4xx_hal_pwr_ex.o
 .comment       0x0000007f       0x80 Drivers/STM32L4xx_HAL_Driver/stm32l4xx_hal_rcc.o
 .comment       0x0000007f       0x80 Drivers/STM32L4xx_HAL_Driver/stm32l4xx_hal_rcc_ex.o
 .comment       0x0000007f       0x80 Drivers/STM32L4xx_HAL_Driver/stm32l4xx_hal_spi.o
 .comment       0x0000007f       0x80 Drivers/STM32L4xx_HAL_Driver/stm32l4xx_hal_tim.o
 .comment       0x0000007f       0x80 Drivers/STM32L4xx_HAL_Driver/stm32l4xx_hal_tim_ex.o
 .comment       0x0000007f       0x80 Drivers/STM32L4xx_HAL_Driver/stm32l4xx_hal_uart.o

.debug_frame    0x00000000     0x34b0
 .debug_frame   0x00000000       0x2c Application/User/dma.o
 .debug_frame   0x0000002c       0x38 Application/User/gpio.o
 .debug_frame   0x00000064       0x64 Application/User/i2c.o
 .debug_frame   0x000000c8       0xf4 Application/User/lcd_i2c_hd44780.o
 .debug_frame   0x000001bc       0xdc Application/User/main.o
 .debug_frame   0x00000298       0x5c Application/User/spi.o
 .debug_frame   0x000002f4       0x2c Application/User/stm32l4xx_hal_msp.o
 .debug_frame   0x00000320      0x198 Application/User/stm32l4xx_it.o
 .debug_frame   0x000004b8       0xc8 Application/User/tim.o
 .debug_frame   0x00000580       0x78 Application/User/usart.o
 .debug_frame   0x000005f8       0x30 Drivers/CMSIS/system_stm32l4xx.o
 .debug_frame   0x00000628      0x23c Drivers/STM32L4xx_HAL_Driver/stm32l4xx_hal.o
 .debug_frame   0x00000864      0x15c Drivers/STM32L4xx_HAL_Driver/stm32l4xx_hal_cortex.o
 .debug_frame   0x000009c0      0x158 Drivers/STM32L4xx_HAL_Driver/stm32l4xx_hal_dma.o
 .debug_frame   0x00000b18       0xd0 Drivers/STM32L4xx_HAL_Driver/stm32l4xx_hal_gpio.o
 .debug_frame   0x00000be8      0x8cc Drivers/STM32L4xx_HAL_Driver/stm32l4xx_hal_i2c.o
 .debug_frame   0x000014b4       0x80 Drivers/STM32L4xx_HAL_Driver/stm32l4xx_hal_i2c_ex.o
 .debug_frame   0x00001534      0x228 Drivers/STM32L4xx_HAL_Driver/stm32l4xx_hal_pwr_ex.o
 .debug_frame   0x0000175c      0x184 Drivers/STM32L4xx_HAL_Driver/stm32l4xx_hal_rcc.o
 .debug_frame   0x000018e0      0x1f4 Drivers/STM32L4xx_HAL_Driver/stm32l4xx_hal_rcc_ex.o
 .debug_frame   0x00001ad4      0x5b8 Drivers/STM32L4xx_HAL_Driver/stm32l4xx_hal_spi.o
 .debug_frame   0x0000208c      0xa10 Drivers/STM32L4xx_HAL_Driver/stm32l4xx_hal_tim.o
 .debug_frame   0x00002a9c      0x400 Drivers/STM32L4xx_HAL_Driver/stm32l4xx_hal_tim_ex.o
 .debug_frame   0x00002e9c      0x588 Drivers/STM32L4xx_HAL_Driver/stm32l4xx_hal_uart.o
 .debug_frame   0x00003424       0x2c e:/programs/ac6/systemworkbench/plugins/fr.ac6.mcu.externaltools.arm-none.win32_1.15.0.201708311556/tools/compiler/bin/../lib/gcc/arm-none-eabi/6.3.1/thumb/v7e-m/fpv4-sp/hard\libgcc.a(_aeabi_uldivmod.o)
 .debug_frame   0x00003450       0x34 e:/programs/ac6/systemworkbench/plugins/fr.ac6.mcu.externaltools.arm-none.win32_1.15.0.201708311556/tools/compiler/bin/../lib/gcc/arm-none-eabi/6.3.1/thumb/v7e-m/fpv4-sp/hard\libgcc.a(_udivmoddi4.o)
 .debug_frame   0x00003484       0x2c e:/programs/ac6/systemworkbench/plugins/fr.ac6.mcu.externaltools.arm-none.win32_1.15.0.201708311556/tools/compiler/bin/../lib/gcc/arm-none-eabi/6.3.1/../../../../arm-none-eabi/lib/thumb/v7e-m/fpv4-sp/hard\libc_nano.a(lib_a-init.o)

.debug_loc      0x00000000    0x103f1
 .debug_loc     0x00000000       0x4a Application/User/i2c.o
 .debug_loc     0x0000004a      0x2ca Application/User/lcd_i2c_hd44780.o
 .debug_loc     0x00000314       0xcf Application/User/main.o
 .debug_loc     0x000003e3       0x5b Application/User/spi.o
 .debug_loc     0x0000043e      0x144 Application/User/tim.o
 .debug_loc     0x00000582       0xa6 Application/User/usart.o
 .debug_loc     0x00000628      0x1e4 Drivers/CMSIS/system_stm32l4xx.o
 .debug_loc     0x0000080c       0xf8 Drivers/STM32L4xx_HAL_Driver/stm32l4xx_hal.o
 .debug_loc     0x00000904      0x5ce Drivers/STM32L4xx_HAL_Driver/stm32l4xx_hal_cortex.o
 .debug_loc     0x00000ed2      0x738 Drivers/STM32L4xx_HAL_Driver/stm32l4xx_hal_dma.o
 .debug_loc     0x0000160a      0x33d Drivers/STM32L4xx_HAL_Driver/stm32l4xx_hal_gpio.o
 .debug_loc     0x00001947     0x3e00 Drivers/STM32L4xx_HAL_Driver/stm32l4xx_hal_i2c.o
 .debug_loc     0x00005747      0x204 Drivers/STM32L4xx_HAL_Driver/stm32l4xx_hal_i2c_ex.o
 .debug_loc     0x0000594b      0x8c3 Drivers/STM32L4xx_HAL_Driver/stm32l4xx_hal_pwr_ex.o
 .debug_loc     0x0000620e      0x5d2 Drivers/STM32L4xx_HAL_Driver/stm32l4xx_hal_rcc.o
 .debug_loc     0x000067e0     0x1a95 Drivers/STM32L4xx_HAL_Driver/stm32l4xx_hal_rcc_ex.o
 .debug_loc     0x00008275     0x1b6c Drivers/STM32L4xx_HAL_Driver/stm32l4xx_hal_spi.o
 .debug_loc     0x00009de1     0x36be Drivers/STM32L4xx_HAL_Driver/stm32l4xx_hal_tim.o
 .debug_loc     0x0000d49f     0x171a Drivers/STM32L4xx_HAL_Driver/stm32l4xx_hal_tim_ex.o
 .debug_loc     0x0000ebb9     0x1838 Drivers/STM32L4xx_HAL_Driver/stm32l4xx_hal_uart.o
