Archive member included to satisfy reference by file (symbol)

e:/programs/ac6/systemworkbench/plugins/fr.ac6.mcu.externaltools.arm-none.win32_1.15.0.201708311556/tools/compiler/bin/../lib/gcc/arm-none-eabi/6.3.1/thumb/v7e-m/fpv4-sp/hard\libgcc.a(_aeabi_uldivmod.o)
                              Drivers/STM32L4xx_HAL_Driver/stm32l4xx_hal_uart.o (__aeabi_uldivmod)
e:/programs/ac6/systemworkbench/plugins/fr.ac6.mcu.externaltools.arm-none.win32_1.15.0.201708311556/tools/compiler/bin/../lib/gcc/arm-none-eabi/6.3.1/thumb/v7e-m/fpv4-sp/hard\libgcc.a(_udivmoddi4.o)
                              e:/programs/ac6/systemworkbench/plugins/fr.ac6.mcu.externaltools.arm-none.win32_1.15.0.201708311556/tools/compiler/bin/../lib/gcc/arm-none-eabi/6.3.1/thumb/v7e-m/fpv4-sp/hard\libgcc.a(_aeabi_uldivmod.o) (__udivmoddi4)
e:/programs/ac6/systemworkbench/plugins/fr.ac6.mcu.externaltools.arm-none.win32_1.15.0.201708311556/tools/compiler/bin/../lib/gcc/arm-none-eabi/6.3.1/thumb/v7e-m/fpv4-sp/hard\libgcc.a(_dvmd_tls.o)
                              e:/programs/ac6/systemworkbench/plugins/fr.ac6.mcu.externaltools.arm-none.win32_1.15.0.201708311556/tools/compiler/bin/../lib/gcc/arm-none-eabi/6.3.1/thumb/v7e-m/fpv4-sp/hard\libgcc.a(_aeabi_uldivmod.o) (__aeabi_ldiv0)
e:/programs/ac6/systemworkbench/plugins/fr.ac6.mcu.externaltools.arm-none.win32_1.15.0.201708311556/tools/compiler/bin/../lib/gcc/arm-none-eabi/6.3.1/../../../../arm-none-eabi/lib/thumb/v7e-m/fpv4-sp/hard\libc_nano.a(lib_a-exit.o)
                              e:/programs/ac6/systemworkbench/plugins/fr.ac6.mcu.externaltools.arm-none.win32_1.15.0.201708311556/tools/compiler/bin/../lib/gcc/arm-none-eabi/6.3.1/../../../../arm-none-eabi/lib/thumb/v7e-m/fpv4-sp/hard/crt0.o (exit)
e:/programs/ac6/systemworkbench/plugins/fr.ac6.mcu.externaltools.arm-none.win32_1.15.0.201708311556/tools/compiler/bin/../lib/gcc/arm-none-eabi/6.3.1/../../../../arm-none-eabi/lib/thumb/v7e-m/fpv4-sp/hard\libc_nano.a(lib_a-impure.o)
                              e:/programs/ac6/systemworkbench/plugins/fr.ac6.mcu.externaltools.arm-none.win32_1.15.0.201708311556/tools/compiler/bin/../lib/gcc/arm-none-eabi/6.3.1/../../../../arm-none-eabi/lib/thumb/v7e-m/fpv4-sp/hard\libc_nano.a(lib_a-exit.o) (_global_impure_ptr)
e:/programs/ac6/systemworkbench/plugins/fr.ac6.mcu.externaltools.arm-none.win32_1.15.0.201708311556/tools/compiler/bin/../lib/gcc/arm-none-eabi/6.3.1/../../../../arm-none-eabi/lib/thumb/v7e-m/fpv4-sp/hard\libc_nano.a(lib_a-init.o)
                              e:/programs/ac6/systemworkbench/plugins/fr.ac6.mcu.externaltools.arm-none.win32_1.15.0.201708311556/tools/compiler/bin/../lib/gcc/arm-none-eabi/6.3.1/../../../../arm-none-eabi/lib/thumb/v7e-m/fpv4-sp/hard/crt0.o (__libc_init_array)
e:/programs/ac6/systemworkbench/plugins/fr.ac6.mcu.externaltools.arm-none.win32_1.15.0.201708311556/tools/compiler/bin/../lib/gcc/arm-none-eabi/6.3.1/../../../../arm-none-eabi/lib/thumb/v7e-m/fpv4-sp/hard\libc_nano.a(lib_a-memset.o)
                              e:/programs/ac6/systemworkbench/plugins/fr.ac6.mcu.externaltools.arm-none.win32_1.15.0.201708311556/tools/compiler/bin/../lib/gcc/arm-none-eabi/6.3.1/../../../../arm-none-eabi/lib/thumb/v7e-m/fpv4-sp/hard/crt0.o (memset)
e:/programs/ac6/systemworkbench/plugins/fr.ac6.mcu.externaltools.arm-none.win32_1.15.0.201708311556/tools/compiler/bin/../lib/gcc/arm-none-eabi/6.3.1/../../../../arm-none-eabi/lib/thumb/v7e-m/fpv4-sp/hard\libnosys.a(_exit.o)
                              e:/programs/ac6/systemworkbench/plugins/fr.ac6.mcu.externaltools.arm-none.win32_1.15.0.201708311556/tools/compiler/bin/../lib/gcc/arm-none-eabi/6.3.1/../../../../arm-none-eabi/lib/thumb/v7e-m/fpv4-sp/hard\libc_nano.a(lib_a-exit.o) (_exit)

Allocating common symbols
Common symbol       size              file

htim4               0x40              Application/User/tim.o
hi2c1               0x4c              Application/User/i2c.o
uwTick              0x4               Drivers/STM32L4xx_HAL_Driver/stm32l4xx_hal.o
htim5               0x40              Application/User/tim.o
htim3               0x40              Application/User/tim.o
huart1              0x78              Application/User/usart.o
hspi1               0x64              Application/User/spi.o
huart2              0x78              Application/User/usart.o

Discarded input sections

 .text          0x00000000        0x0 e:/programs/ac6/systemworkbench/plugins/fr.ac6.mcu.externaltools.arm-none.win32_1.15.0.201708311556/tools/compiler/bin/../lib/gcc/arm-none-eabi/6.3.1/thumb/v7e-m/fpv4-sp/hard/crti.o
 .data          0x00000000        0x0 e:/programs/ac6/systemworkbench/plugins/fr.ac6.mcu.externaltools.arm-none.win32_1.15.0.201708311556/tools/compiler/bin/../lib/gcc/arm-none-eabi/6.3.1/thumb/v7e-m/fpv4-sp/hard/crti.o
 .bss           0x00000000        0x0 e:/programs/ac6/systemworkbench/plugins/fr.ac6.mcu.externaltools.arm-none.win32_1.15.0.201708311556/tools/compiler/bin/../lib/gcc/arm-none-eabi/6.3.1/thumb/v7e-m/fpv4-sp/hard/crti.o
[...]
Memory Configuration

Name             Origin             Length             Attributes
RAM              0x20000000         0x00018000         xrw
RAM2             0x10000000         0x00008000         xrw
FLASH            0x08000000         0x00080000         xr
*default*        0x00000000         0xffffffff

Linker script and memory map

LOAD e:/programs/ac6/systemworkbench/plugins/fr.ac6.mcu.externaltools.arm-none.win32_1.15.0.201708311556/tools/compiler/bin/../lib/gcc/arm-none-eabi/6.3.1/thumb/v7e-m/fpv4-sp/hard/crti.o
LOAD e:/programs/ac6/systemworkbench/plugins/fr.ac6.mcu.externaltools.arm-none.win32_1.15.0.201708311556/tools/compiler/bin/../lib/gcc/arm-none-eabi/6.3.1/thumb/v7e-m/fpv4-sp/hard/crtbegin.o
LOAD e:/programs/ac6/systemworkbench/plugins/fr.ac6.mcu.externaltools.arm-none.win32_1.15.0.201708311556/tools/compiler/bin/../lib/gcc/arm-none-eabi/6.3.1/../../../../arm-none-eabi/lib/thumb/v7e-m/fpv4-sp/hard/crt0.o
LOAD Application/SW4STM32/startup_stm32l471xx.o
LOAD Application/User/gpio.o
LOAD Application/User/i2c.o
LOAD Application/User/main.o
LOAD Application/User/spi.o
LOAD Application/User/stm32l4xx_hal_msp.o
LOAD Application/User/stm32l4xx_it.o
LOAD Application/User/tim.o
LOAD Application/User/usart.o
LOAD Drivers/CMSIS/system_stm32l4xx.o
LOAD Drivers/STM32L4xx_HAL_Driver/stm32l4xx_hal.o
LOAD Drivers/STM32L4xx_HAL_Driver/stm32l4xx_hal_cortex.o
LOAD Drivers/STM32L4xx_HAL_Driver/stm32l4xx_hal_dma.o
LOAD Drivers/STM32L4xx_HAL_Driver/stm32l4xx_hal_dma_ex.o
LOAD Drivers/STM32L4xx_HAL_Driver/stm32l4xx_hal_flash.o
LOAD Drivers/STM32L4xx_HAL_Driver/stm32l4xx_hal_flash_ex.o
LOAD Drivers/STM32L4xx_HAL_Driver/stm32l4xx_hal_flash_ramfunc.o
LOAD Drivers/STM32L4xx_HAL_Driver/stm32l4xx_hal_gpio.o
LOAD Drivers/STM32L4xx_HAL_Driver/stm32l4xx_hal_i2c.o
LOAD Drivers/STM32L4xx_HAL_Driver/stm32l4xx_hal_i2c_ex.o
LOAD Drivers/STM32L4xx_HAL_Driver/stm32l4xx_hal_pwr.o
LOAD Drivers/STM32L4xx_HAL_Driver/stm32l4xx_hal_pwr_ex.o
LOAD Drivers/STM32L4xx_HAL_Driver/stm32l4xx_hal_rcc.o
LOAD Drivers/STM32L4xx_HAL_Driver/stm32l4xx_hal_rcc_ex.o
LOAD Drivers/STM32L4xx_HAL_Driver/stm32l4xx_hal_spi.o
LOAD Drivers/STM32L4xx_HAL_Driver/stm32l4xx_hal_spi_ex.o
LOAD Drivers/STM32L4xx_HAL_Driver/stm32l4xx_hal_tim.o
LOAD Drivers/STM32L4xx_HAL_Driver/stm32l4xx_hal_tim_ex.o
LOAD Drivers/STM32L4xx_HAL_Driver/stm32l4xx_hal_uart.o
LOAD Drivers/STM32L4xx_HAL_Driver/stm32l4xx_hal_uart_ex.o
LOAD e:/programs/ac6/systemworkbench/plugins/fr.ac6.mcu.externaltools.arm-none.win32_1.15.0.201708311556/tools/compiler/bin/../lib/gcc/arm-none-eabi/6.3.1/../../../../arm-none-eabi/lib/thumb/v7e-m/fpv4-sp/hard\libm.a
START GROUP
LOAD e:/programs/ac6/systemworkbench/plugins/fr.ac6.mcu.externaltools.arm-none.win32_1.15.0.201708311556/tools/compiler/bin/../lib/gcc/arm-none-eabi/6.3.1/thumb/v7e-m/fpv4-sp/hard\libgcc.a
LOAD e:/programs/ac6/systemworkbench/plugins/fr.ac6.mcu.externaltools.arm-none.win32_1.15.0.201708311556/tools/compiler/bin/../lib/gcc/arm-none-eabi/6.3.1/../../../../arm-none-eabi/lib/thumb/v7e-m/fpv4-sp/hard\libc_nano.a
END GROUP
START GROUP
LOAD e:/programs/ac6/systemworkbench/plugins/fr.ac6.mcu.externaltools.arm-none.win32_1.15.0.201708311556/tools/compiler/bin/../lib/gcc/arm-none-eabi/6.3.1/thumb/v7e-m/fpv4-sp/hard\libgcc.a
LOAD e:/programs/ac6/systemworkbench/plugins/fr.ac6.mcu.externaltools.arm-none.win32_1.15.0.201708311556/tools/compiler/bin/../lib/gcc/arm-none-eabi/6.3.1/../../../../arm-none-eabi/lib/thumb/v7e-m/fpv4-sp/hard\libc_nano.a
LOAD e:/programs/ac6/systemworkbench/plugins/fr.ac6.mcu.externaltools.arm-none.win32_1.15.0.201708311556/tools/compiler/bin/../lib/gcc/arm-none-eabi/6.3.1/../../../../arm-none-eabi/lib/thumb/v7e-m/fpv4-sp/hard\libnosys.a
END GROUP
START GROUP
LOAD e:/programs/ac6/systemworkbench/plugins/fr.ac6.mcu.externaltools.arm-none.win32_1.15.0.201708311556/tools/compiler/bin/../lib/gcc/arm-none-eabi/6.3.1/thumb/v7e-m/fpv4-sp/hard\libgcc.a
LOAD e:/programs/ac6/systemworkbench/plugins/fr.ac6.mcu.externaltools.arm-none.win32_1.15.0.201708311556/tools/compiler/bin/../lib/gcc/arm-none-eabi/6.3.1/../../../../arm-none-eabi/lib/thumb/v7e-m/fpv4-sp/hard\libc_nano.a
LOAD e:/programs/ac6/systemworkbench/plugins/fr.ac6.mcu.externaltools.arm-none.win32_1.15.0.201708311556/tools/compiler/bin/../lib/gcc/arm-none-eabi/6.3.1/../../../../arm-none-eabi/lib/thumb/v7e-m/fpv4-sp/hard\libnosys.a
END GROUP
LOAD e:/programs/ac6/systemworkbench/plugins/fr.ac6.mcu.externaltools.arm-none.win32_1.15.0.201708311556/tools/compiler/bin/../lib/gcc/arm-none-eabi/6.3.1/thumb/v7e-m/fpv4-sp/hard/crtend.o
LOAD e:/programs/ac6/systemworkbench/plugins/fr.ac6.mcu.externaltools.arm-none.win32_1.15.0.201708311556/tools/compiler/bin/../lib/gcc/arm-none-eabi/6.3.1/thumb/v7e-m/fpv4-sp/hard/crtn.o
                0x20018000                _estack = 0x20018000
                0x00000200                _Min_Heap_Size = 0x200
                0x00000400                _Min_Stack_Size = 0x400

.isr_vector     0x08000000      0x188
                0x08000000                . = ALIGN (0x8)
 *(.isr_vector)
 .isr_vector    0x08000000      0x188 Application/SW4STM32/startup_stm32l471xx.o
                0x08000000                g_pfnVectors
                0x08000188                . = ALIGN (0x8)

.text           0x08000188     0x31c0
                0x08000188                . = ALIGN (0x8)
 *(.text)
 .text          0x08000188       0x6c e:/programs/ac6/systemworkbench/plugins/fr.ac6.mcu.externaltools.arm-none.win32_1.15.0.201708311556/tools/compiler/bin/../lib/gcc/arm-none-eabi/6.3.1/thumb/v7e-m/fpv4-sp/hard/crtbegin.o
 .text          0x080001f4       0x30 e:/programs/ac6/systemworkbench/plugins/fr.ac6.mcu.externaltools.arm-none.win32_1.15.0.201708311556/tools/compiler/bin/../lib/gcc/arm-none-eabi/6.3.1/thumb/v7e-m/fpv4-sp/hard\libgcc.a(_aeabi_uldivmod.o)
                0x080001f4                __aeabi_uldivmod
 .text          0x08000224      0x2dc e:/programs/ac6/systemworkbench/plugins/fr.ac6.mcu.externaltools.arm-none.win32_1.15.0.201708311556/tools/compiler/bin/../lib/gcc/arm-none-eabi/6.3.1/thumb/v7e-m/fpv4-sp/hard\libgcc.a(_udivmoddi4.o)
                0x08000224                __udivmoddi4
 .text          0x08000500        0x4 e:/programs/ac6/systemworkbench/plugins/fr.ac6.mcu.externaltools.arm-none.win32_1.15.0.201708311556/tools/compiler/bin/../lib/gcc/arm-none-eabi/6.3.1/thumb/v7e-m/fpv4-sp/hard\libgcc.a(_dvmd_tls.o)
                0x08000500                __aeabi_idiv0
                0x08000500                __aeabi_ldiv0
 *(.text*)
 .text.Reset_Handler
                0x08000504       0x50 Application/SW4STM32/startup_stm32l471xx.o
                0x08000504                Reset_Handler
 .text.Default_Handler
                0x08000554        0x2 Application/SW4STM32/startup_stm32l471xx.o
                0x08000554                RTC_Alarm_IRQHandler
                0x08000554                TIM8_TRG_COM_IRQHandler
                0x08000554                TIM8_CC_IRQHandler
                0x08000554                TIM1_CC_IRQHandler
                0x08000554                TSC_IRQHandler
                0x08000554                TAMP_STAMP_IRQHandler
                0x08000554                EXTI3_IRQHandler
                0x08000554                LPTIM2_IRQHandler
                0x08000554                DFSDM1_FLT1_IRQHandler
                0x08000554                I2C3_ER_IRQHandler
                0x08000554                DFSDM1_FLT2_IRQHandler
                0x08000554                EXTI0_IRQHandler
                0x08000554                I2C2_EV_IRQHandler
                0x08000554                CAN1_RX0_IRQHandler
                0x08000554                FPU_IRQHandler
                0x08000554                TIM1_UP_TIM16_IRQHandler
                0x08000554                ADC1_2_IRQHandler
                0x08000554                SPI1_IRQHandler
                0x08000554                TIM6_DAC_IRQHandler
                0x08000554                TIM8_UP_IRQHandler
                0x08000554                DMA2_Channel2_IRQHandler
                0x08000554                DMA1_Channel4_IRQHandler
                0x08000554                SAI2_IRQHandler
                0x08000554                DFSDM1_FLT3_IRQHandler
                0x08000554                USART3_IRQHandler
                0x08000554                DMA1_Channel7_IRQHandler
                0x08000554                CAN1_RX1_IRQHandler
                0x08000554                UART5_IRQHandler
                0x08000554                ADC3_IRQHandler
                0x08000554                DMA2_Channel1_IRQHandler
                0x08000554                QUADSPI_IRQHandler
                0x08000554                I2C1_EV_IRQHandler
                0x08000554                DMA1_Channel6_IRQHandler
                0x08000554                UART4_IRQHandler
                0x08000554                DMA2_Channel4_IRQHandler
                0x08000554                RCC_IRQHandler
                0x08000554                DMA1_Channel1_IRQHandler
                0x08000554                Default_Handler
                0x08000554                DMA2_Channel7_IRQHandler
                0x08000554                TIM7_IRQHandler
                0x08000554                SDMMC1_IRQHandler
                0x08000554                I2C3_EV_IRQHandler
                0x08000554                RTC_WKUP_IRQHandler
                0x08000554                PVD_PVM_IRQHandler
                0x08000554                SPI2_IRQHandler
                0x08000554                CAN1_TX_IRQHandler
                0x08000554                DMA2_Channel5_IRQHandler
                0x08000554                DMA1_Channel5_IRQHandler
                0x08000554                EXTI4_IRQHandler
                0x08000554                RNG_IRQHandler
                0x08000554                TIM1_TRG_COM_TIM17_IRQHandler
                0x08000554                DMA1_Channel3_IRQHandler
                0x08000554                COMP_IRQHandler
                0x08000554                WWDG_IRQHandler
                0x08000554                LPUART1_IRQHandler
                0x08000554                DMA2_Channel6_IRQHandler
                0x08000554                TIM2_IRQHandler
                0x08000554                EXTI1_IRQHandler
                0x08000554                USART2_IRQHandler
                0x08000554                DFSDM1_FLT0_IRQHandler
                0x08000554                I2C2_ER_IRQHandler
                0x08000554                DMA1_Channel2_IRQHandler
                0x08000554                TIM8_BRK_IRQHandler
                0x08000554                CAN1_SCE_IRQHandler
                0x08000554                FLASH_IRQHandler
                0x08000554                USART1_IRQHandler
                0x08000554                SPI3_IRQHandler
                0x08000554                I2C1_ER_IRQHandler
                0x08000554                FMC_IRQHandler
                0x08000554                SWPMI1_IRQHandler
                0x08000554                LPTIM1_IRQHandler
                0x08000554                SAI1_IRQHandler
                0x08000554                DMA2_Channel3_IRQHandler
                0x08000554                TIM1_BRK_TIM15_IRQHandler
 *fill*         0x08000556        0x2 
 .text.MX_GPIO_Init
                0x08000558      0x148 Application/User/gpio.o
                0x08000558                MX_GPIO_Init
 .text.MX_I2C1_Init
                0x080006a0       0x68 Application/User/i2c.o
                0x080006a0                MX_I2C1_Init
 .text.HAL_I2C_MspInit
                0x08000708       0x54 Application/User/i2c.o
                0x08000708                HAL_I2C_MspInit
 .text.HAL_TIM_PeriodElapsedCallback
                0x0800075c       0x60 Application/User/main.o
                0x0800075c                HAL_TIM_PeriodElapsedCallback
 .text.HAL_GPIO_EXTI_Callback
                0x080007bc       0x50 Application/User/main.o
                0x080007bc                HAL_GPIO_EXTI_Callback
 .text._Error_Handler
                0x0800080c        0x2 Application/User/main.o
                0x0800080c                _Error_Handler
 *fill*         0x0800080e        0x2 
 .text.SystemClock_Config
                0x08000810       0xc0 Application/User/main.o
                0x08000810                SystemClock_Config
 .text.main     0x080008d0       0x5c Application/User/main.o
                0x080008d0                main
 .text.MX_SPI1_Init
                0x0800092c       0x54 Application/User/spi.o
                0x0800092c                MX_SPI1_Init
 .text.HAL_SPI_MspInit
                0x08000980       0x4c Application/User/spi.o
                0x08000980                HAL_SPI_MspInit
 .text.HAL_MspInit
                0x080009cc       0x90 Application/User/stm32l4xx_hal_msp.o
                0x080009cc                HAL_MspInit
 .text.NMI_Handler
                0x08000a5c        0x2 Application/User/stm32l4xx_it.o
                0x08000a5c                NMI_Handler
 .text.HardFault_Handler
                0x08000a5e        0x2 Application/User/stm32l4xx_it.o
                0x08000a5e                HardFault_Handler
 .text.MemManage_Handler
                0x08000a60        0x2 Application/User/stm32l4xx_it.o
                0x08000a60                MemManage_Handler
 .text.BusFault_Handler
                0x08000a62        0x2 Application/User/stm32l4xx_it.o
                0x08000a62                BusFault_Handler
 .text.UsageFault_Handler
                0x08000a64        0x2 Application/User/stm32l4xx_it.o
                0x08000a64                UsageFault_Handler
 .text.SVC_Handler
                0x08000a66        0x2 Application/User/stm32l4xx_it.o
                0x08000a66                SVC_Handler
 .text.DebugMon_Handler
                0x08000a68        0x2 Application/User/stm32l4xx_it.o
                0x08000a68                DebugMon_Handler
 .text.PendSV_Handler
                0x08000a6a        0x2 Application/User/stm32l4xx_it.o
                0x08000a6a                PendSV_Handler
 .text.SysTick_Handler
                0x08000a6c        0xc Application/User/stm32l4xx_it.o
                0x08000a6c                SysTick_Handler
 .text.EXTI2_IRQHandler
                0x08000a78        0xa Application/User/stm32l4xx_it.o
                0x08000a78                EXTI2_IRQHandler
 .text.EXTI9_5_IRQHandler
                0x08000a82        0xa Application/User/stm32l4xx_it.o
                0x08000a82                EXTI9_5_IRQHandler
 .text.TIM3_IRQHandler
                0x08000a8c       0x10 Application/User/stm32l4xx_it.o
                0x08000a8c                TIM3_IRQHandler
 .text.TIM4_IRQHandler
                0x08000a9c       0x10 Application/User/stm32l4xx_it.o
                0x08000a9c                TIM4_IRQHandler
 .text.EXTI15_10_IRQHandler
                0x08000aac       0x1c Application/User/stm32l4xx_it.o
                0x08000aac                EXTI15_10_IRQHandler
 .text.TIM5_IRQHandler
                0x08000ac8       0x10 Application/User/stm32l4xx_it.o
                0x08000ac8                TIM5_IRQHandler
 .text.HAL_TIM_PWM_MspInit
                0x08000ad8       0xa0 Application/User/tim.o
                0x08000ad8                HAL_TIM_PWM_MspInit
 .text.HAL_TIM_MspPostInit
                0x08000b78       0x84 Application/User/tim.o
                0x08000b78                HAL_TIM_MspPostInit
 .text.MX_TIM3_Init
                0x08000bfc       0xac Application/User/tim.o
                0x08000bfc                MX_TIM3_Init
 .text.MX_TIM4_Init
                0x08000ca8       0x80 Application/User/tim.o
                0x08000ca8                MX_TIM4_Init
 .text.MX_TIM5_Init
                0x08000d28       0x80 Application/User/tim.o
                0x08000d28                MX_TIM5_Init
 .text.MX_USART1_UART_Init
                0x08000da8       0x40 Application/User/usart.o
                0x08000da8                MX_USART1_UART_Init
 .text.MX_USART2_UART_Init
                0x08000de8       0x40 Application/User/usart.o
                0x08000de8                MX_USART2_UART_Init
 .text.HAL_UART_MspInit
                0x08000e28       0x90 Application/User/usart.o
                0x08000e28                HAL_UART_MspInit
 .text.SystemInit
                0x08000eb8       0x48 Drivers/CMSIS/system_stm32l4xx.o
                0x08000eb8                SystemInit
 .text.HAL_InitTick
                0x08000f00       0x2c Drivers/STM32L4xx_HAL_Driver/stm32l4xx_hal.o
                0x08000f00                HAL_InitTick
 .text.HAL_Init
                0x08000f2c       0x16 Drivers/STM32L4xx_HAL_Driver/stm32l4xx_hal.o
                0x08000f2c                HAL_Init
 *fill*         0x08000f42        0x2 
 .text.HAL_IncTick
                0x08000f44       0x10 Drivers/STM32L4xx_HAL_Driver/stm32l4xx_hal.o
                0x08000f44                HAL_IncTick
 .text.HAL_GetTick
                0x08000f54        0xc Drivers/STM32L4xx_HAL_Driver/stm32l4xx_hal.o
                0x08000f54                HAL_GetTick
 .text.HAL_NVIC_SetPriorityGrouping
                0x08000f60       0x24 Drivers/STM32L4xx_HAL_Driver/stm32l4xx_hal_cortex.o
                0x08000f60                HAL_NVIC_SetPriorityGrouping
 .text.HAL_NVIC_SetPriority
                0x08000f84       0x64 Drivers/STM32L4xx_HAL_Driver/stm32l4xx_hal_cortex.o
                0x08000f84                HAL_NVIC_SetPriority
 .text.HAL_NVIC_EnableIRQ
                0x08000fe8       0x18 Drivers/STM32L4xx_HAL_Driver/stm32l4xx_hal_cortex.o
                0x08000fe8                HAL_NVIC_EnableIRQ
 .text.HAL_SYSTICK_Config
                0x08001000       0x2c Drivers/STM32L4xx_HAL_Driver/stm32l4xx_hal_cortex.o
                0x08001000                HAL_SYSTICK_Config
 .text.HAL_SYSTICK_CLKSourceConfig
                0x0800102c       0x20 Drivers/STM32L4xx_HAL_Driver/stm32l4xx_hal_cortex.o
                0x0800102c                HAL_SYSTICK_CLKSourceConfig
 .text.HAL_SYSTICK_Callback
                0x0800104c        0x2 Drivers/STM32L4xx_HAL_Driver/stm32l4xx_hal_cortex.o
                0x0800104c                HAL_SYSTICK_Callback
 .text.HAL_SYSTICK_IRQHandler
                0x0800104e        0x8 Drivers/STM32L4xx_HAL_Driver/stm32l4xx_hal_cortex.o
                0x0800104e                HAL_SYSTICK_IRQHandler
 *fill*         0x08001056        0x2 
 .text.HAL_GPIO_Init
                0x08001058      0x1d4 Drivers/STM32L4xx_HAL_Driver/stm32l4xx_hal_gpio.o
                0x08001058                HAL_GPIO_Init
 .text.HAL_GPIO_ReadPin
                0x0800122c        0xe Drivers/STM32L4xx_HAL_Driver/stm32l4xx_hal_gpio.o
                0x0800122c                HAL_GPIO_ReadPin
 .text.HAL_GPIO_WritePin
                0x0800123a        0xa Drivers/STM32L4xx_HAL_Driver/stm32l4xx_hal_gpio.o
                0x0800123a                HAL_GPIO_WritePin
 .text.HAL_GPIO_TogglePin
                0x08001244        0x8 Drivers/STM32L4xx_HAL_Driver/stm32l4xx_hal_gpio.o
                0x08001244                HAL_GPIO_TogglePin
 .text.HAL_GPIO_EXTI_IRQHandler
                0x0800124c       0x1c Drivers/STM32L4xx_HAL_Driver/stm32l4xx_hal_gpio.o
                0x0800124c                HAL_GPIO_EXTI_IRQHandler
 .text.HAL_I2C_Init
                0x08001268       0xc2 Drivers/STM32L4xx_HAL_Driver/stm32l4xx_hal_i2c.o
                0x08001268                HAL_I2C_Init
 .text.HAL_I2CEx_ConfigAnalogFilter
                0x0800132a       0x5c Drivers/STM32L4xx_HAL_Driver/stm32l4xx_hal_i2c_ex.o
                0x0800132a                HAL_I2CEx_ConfigAnalogFilter
 .text.HAL_I2CEx_ConfigDigitalFilter
                0x08001386       0x58 Drivers/STM32L4xx_HAL_Driver/stm32l4xx_hal_i2c_ex.o
                0x08001386                HAL_I2CEx_ConfigDigitalFilter
 *fill*         0x080013de        0x2 
 .text.HAL_PWREx_GetVoltageRange
                0x080013e0       0x10 Drivers/STM32L4xx_HAL_Driver/stm32l4xx_hal_pwr_ex.o
                0x080013e0                HAL_PWREx_GetVoltageRange
 .text.HAL_PWREx_ControlVoltageScaling
                0x080013f0       0x90 Drivers/STM32L4xx_HAL_Driver/stm32l4xx_hal_pwr_ex.o
                0x080013f0                HAL_PWREx_ControlVoltageScaling
 .text.RCC_SetFlashLatencyFromMSIRange
                0x08001480       0x90 Drivers/STM32L4xx_HAL_Driver/stm32l4xx_hal_rcc.o
 .text.HAL_RCC_GetSysClockFreq
                0x08001510      0x100 Drivers/STM32L4xx_HAL_Driver/stm32l4xx_hal_rcc.o
                0x08001510                HAL_RCC_GetSysClockFreq
 .text.HAL_RCC_OscConfig
                0x08001610      0x580 Drivers/STM32L4xx_HAL_Driver/stm32l4xx_hal_rcc.o
                0x08001610                HAL_RCC_OscConfig
 .text.HAL_RCC_ClockConfig
                0x08001b90      0x150 Drivers/STM32L4xx_HAL_Driver/stm32l4xx_hal_rcc.o
                0x08001b90                HAL_RCC_ClockConfig
 .text.HAL_RCC_GetHCLKFreq
                0x08001ce0        0xc Drivers/STM32L4xx_HAL_Driver/stm32l4xx_hal_rcc.o
                0x08001ce0                HAL_RCC_GetHCLKFreq
 .text.HAL_RCC_GetPCLK1Freq
                0x08001cec       0x20 Drivers/STM32L4xx_HAL_Driver/stm32l4xx_hal_rcc.o
                0x08001cec                HAL_RCC_GetPCLK1Freq
 .text.HAL_RCC_GetPCLK2Freq
                0x08001d0c       0x20 Drivers/STM32L4xx_HAL_Driver/stm32l4xx_hal_rcc.o
                0x08001d0c                HAL_RCC_GetPCLK2Freq
 .text.RCCEx_PLLSAI1_Config
                0x08001d2c      0x180 Drivers/STM32L4xx_HAL_Driver/stm32l4xx_hal_rcc_ex.o
 .text.RCCEx_PLLSAI2_Config
                0x08001eac      0x15c Drivers/STM32L4xx_HAL_Driver/stm32l4xx_hal_rcc_ex.o
 .text.HAL_RCCEx_PeriphCLKConfig
                0x08002008      0x408 Drivers/STM32L4xx_HAL_Driver/stm32l4xx_hal_rcc_ex.o
                0x08002008                HAL_RCCEx_PeriphCLKConfig
 .text.HAL_SPI_Init
                0x08002410       0xb0 Drivers/STM32L4xx_HAL_Driver/stm32l4xx_hal_spi.o
                0x08002410                HAL_SPI_Init
 .text.TIM_OC1_SetConfig
                0x080024c0       0x9c Drivers/STM32L4xx_HAL_Driver/stm32l4xx_hal_tim.o
 .text.TIM_OC3_SetConfig
                0x0800255c       0x8c Drivers/STM32L4xx_HAL_Driver/stm32l4xx_hal_tim.o
 .text.TIM_OC4_SetConfig
                0x080025e8       0x6c Drivers/STM32L4xx_HAL_Driver/stm32l4xx_hal_tim.o
 .text.TIM_OC5_SetConfig
                0x08002654       0x68 Drivers/STM32L4xx_HAL_Driver/stm32l4xx_hal_tim.o
 .text.TIM_OC6_SetConfig
                0x080026bc       0x6c Drivers/STM32L4xx_HAL_Driver/stm32l4xx_hal_tim.o
 .text.HAL_TIM_Base_Start_IT
                0x08002728       0x34 Drivers/STM32L4xx_HAL_Driver/stm32l4xx_hal_tim.o
                0x08002728                HAL_TIM_Base_Start_IT
 .text.HAL_TIM_OC_DelayElapsedCallback
                0x0800275c        0x2 Drivers/STM32L4xx_HAL_Driver/stm32l4xx_hal_tim.o
                0x0800275c                HAL_TIM_OC_DelayElapsedCallback
 .text.HAL_TIM_IC_CaptureCallback
                0x0800275e        0x2 Drivers/STM32L4xx_HAL_Driver/stm32l4xx_hal_tim.o
                0x0800275e                HAL_TIM_IC_CaptureCallback
 .text.HAL_TIM_PWM_PulseFinishedCallback
                0x08002760        0x2 Drivers/STM32L4xx_HAL_Driver/stm32l4xx_hal_tim.o
                0x08002760                HAL_TIM_PWM_PulseFinishedCallback
 .text.HAL_TIM_TriggerCallback
                0x08002762        0x2 Drivers/STM32L4xx_HAL_Driver/stm32l4xx_hal_tim.o
                0x08002762                HAL_TIM_TriggerCallback
 .text.HAL_TIM_IRQHandler
                0x08002764      0x19a Drivers/STM32L4xx_HAL_Driver/stm32l4xx_hal_tim.o
                0x08002764                HAL_TIM_IRQHandler
 *fill*         0x080028fe        0x2 
 .text.TIM_Base_SetConfig
                0x08002900       0xc8 Drivers/STM32L4xx_HAL_Driver/stm32l4xx_hal_tim.o
                0x08002900                TIM_Base_SetConfig
 .text.HAL_TIM_PWM_Init
                0x080029c8       0x32 Drivers/STM32L4xx_HAL_Driver/stm32l4xx_hal_tim.o
                0x080029c8                HAL_TIM_PWM_Init
 *fill*         0x080029fa        0x2 
 .text.TIM_OC2_SetConfig
                0x080029fc       0x90 Drivers/STM32L4xx_HAL_Driver/stm32l4xx_hal_tim.o
                0x080029fc                TIM_OC2_SetConfig
 .text.HAL_TIM_PWM_ConfigChannel
                0x08002a8c      0x134 Drivers/STM32L4xx_HAL_Driver/stm32l4xx_hal_tim.o
                0x08002a8c                HAL_TIM_PWM_ConfigChannel
 .text.TIM_CCxChannelCmd
                0x08002bc0       0x22 Drivers/STM32L4xx_HAL_Driver/stm32l4xx_hal_tim.o
                0x08002bc0                TIM_CCxChannelCmd
 *fill*         0x08002be2        0x2 
 .text.HAL_TIM_PWM_Start
                0x08002be4       0x80 Drivers/STM32L4xx_HAL_Driver/stm32l4xx_hal_tim.o
                0x08002be4                HAL_TIM_PWM_Start
 .text.HAL_TIMEx_MasterConfigSynchronization
                0x08002c64       0x64 Drivers/STM32L4xx_HAL_Driver/stm32l4xx_hal_tim_ex.o
                0x08002c64                HAL_TIMEx_MasterConfigSynchronization
 .text.HAL_TIMEx_CommutationCallback
                0x08002cc8        0x2 Drivers/STM32L4xx_HAL_Driver/stm32l4xx_hal_tim_ex.o
                0x08002cc8                HAL_TIMEx_CommutationCallback
 .text.HAL_TIMEx_BreakCallback
                0x08002cca        0x2 Drivers/STM32L4xx_HAL_Driver/stm32l4xx_hal_tim_ex.o
                0x08002cca                HAL_TIMEx_BreakCallback
 .text.HAL_TIMEx_Break2Callback
                0x08002ccc        0x2 Drivers/STM32L4xx_HAL_Driver/stm32l4xx_hal_tim_ex.o
                0x08002ccc                HAL_TIMEx_Break2Callback
 *fill*         0x08002cce        0x2 
 .text.UART_SetConfig
                0x08002cd0      0x410 Drivers/STM32L4xx_HAL_Driver/stm32l4xx_hal_uart.o
                0x08002cd0                UART_SetConfig
 .text.UART_AdvFeatureConfig
                0x080030e0       0xca Drivers/STM32L4xx_HAL_Driver/stm32l4xx_hal_uart.o
                0x080030e0                UART_AdvFeatureConfig
 .text.UART_WaitOnFlagUntilTimeout
                0x080031aa       0x64 Drivers/STM32L4xx_HAL_Driver/stm32l4xx_hal_uart.o
                0x080031aa                UART_WaitOnFlagUntilTimeout
 .text.UART_CheckIdleState
                0x0800320e       0x70 Drivers/STM32L4xx_HAL_Driver/stm32l4xx_hal_uart.o
                0x0800320e                UART_CheckIdleState
 .text.HAL_UART_Init
                0x0800327e       0x68 Drivers/STM32L4xx_HAL_Driver/stm32l4xx_hal_uart.o
                0x0800327e                HAL_UART_Init
 *fill*         0x080032e6        0x2 
 .text.__libc_init_array
                0x080032e8       0x48 e:/programs/ac6/systemworkbench/plugins/fr.ac6.mcu.externaltools.arm-none.win32_1.15.0.201708311556/tools/compiler/bin/../lib/gcc/arm-none-eabi/6.3.1/../../../../arm-none-eabi/lib/thumb/v7e-m/fpv4-sp/hard\libc_nano.a(lib_a-init.o)
                0x080032e8                __libc_init_array
 *(.glue_7)
 .glue_7        0x08003330        0x0 linker stubs
 *(.glue_7t)
 .glue_7t       0x08003330        0x0 linker stubs
 *(.eh_frame)
 .eh_frame      0x08003330        0x0 e:/programs/ac6/systemworkbench/plugins/fr.ac6.mcu.externaltools.arm-none.win32_1.15.0.201708311556/tools/compiler/bin/../lib/gcc/arm-none-eabi/6.3.1/thumb/v7e-m/fpv4-sp/hard/crtbegin.o
 *(.init)
 .init          0x08003330        0x4 e:/programs/ac6/systemworkbench/plugins/fr.ac6.mcu.externaltools.arm-none.win32_1.15.0.201708311556/tools/compiler/bin/../lib/gcc/arm-none-eabi/6.3.1/thumb/v7e-m/fpv4-sp/hard/crti.o
                0x08003330                _init
 .init          0x08003334        0x8 e:/programs/ac6/systemworkbench/plugins/fr.ac6.mcu.externaltools.arm-none.win32_1.15.0.201708311556/tools/compiler/bin/../lib/gcc/arm-none-eabi/6.3.1/thumb/v7e-m/fpv4-sp/hard/crtn.o
 *(.fini)
 .fini          0x0800333c        0x4 e:/programs/ac6/systemworkbench/plugins/fr.ac6.mcu.externaltools.arm-none.win32_1.15.0.201708311556/tools/compiler/bin/../lib/gcc/arm-none-eabi/6.3.1/thumb/v7e-m/fpv4-sp/hard/crti.o
                0x0800333c                _fini
 .fini          0x08003340        0x8 e:/programs/ac6/systemworkbench/plugins/fr.ac6.mcu.externaltools.arm-none.win32_1.15.0.201708311556/tools/compiler/bin/../lib/gcc/arm-none-eabi/6.3.1/thumb/v7e-m/fpv4-sp/hard/crtn.o
                0x08003348                . = ALIGN (0x8)
                0x08003348                _etext = .

.vfp11_veneer   0x08003348        0x0
 .vfp11_veneer  0x08003348        0x0 linker stubs

.v4_bx          0x08003348        0x0
 .v4_bx         0x08003348        0x0 linker stubs

.iplt           0x08003348        0x0
 .iplt          0x08003348        0x0 e:/programs/ac6/systemworkbench/plugins/fr.ac6.mcu.externaltools.arm-none.win32_1.15.0.201708311556/tools/compiler/bin/../lib/gcc/arm-none-eabi/6.3.1/thumb/v7e-m/fpv4-sp/hard/crtbegin.o

.rodata         0x08003348      0x150
                0x08003348                . = ALIGN (0x8)
 *(.rodata)
 .rodata        0x08003348       0x48 Drivers/CMSIS/system_stm32l4xx.o
                0x08003348                MSIRangeTable
                0x08003378                AHBPrescTable
                0x08003388                APBPrescTable
 *(.rodata*)
 .rodata.str1.4
                0x08003390       0x31 Application/User/i2c.o
 *fill*         0x080033c1        0x3 
 .rodata.str1.4
                0x080033c4       0x32 Application/User/main.o
 *fill*         0x080033f6        0x2 
 .rodata.str1.4
                0x080033f8       0x31 Application/User/spi.o
 *fill*         0x08003429        0x3 
 .rodata.str1.4
                0x0800342c       0x31 Application/User/tim.o
 *fill*         0x0800345d        0x3 
 .rodata.str1.4
                0x08003460       0x34 Application/User/usart.o
                                 0x33 (size before relaxing)
                0x08003498                . = ALIGN (0x8)
 *fill*         0x08003494        0x4 

.ARM.extab      0x08003498        0x0
                0x08003498                . = ALIGN (0x8)
 *(.ARM.extab* .gnu.linkonce.armextab.*)
                0x08003498                . = ALIGN (0x8)

.ARM            0x08003498        0x8
                0x08003498                . = ALIGN (0x8)
                0x08003498                __exidx_start = .
 *(.ARM.exidx*)
 .ARM.exidx     0x08003498        0x8 e:/programs/ac6/systemworkbench/plugins/fr.ac6.mcu.externaltools.arm-none.win32_1.15.0.201708311556/tools/compiler/bin/../lib/gcc/arm-none-eabi/6.3.1/thumb/v7e-m/fpv4-sp/hard\libgcc.a(_udivmoddi4.o)
                0x080034a0                __exidx_end = .
                0x080034a0                . = ALIGN (0x8)

.rel.dyn        0x080034a0        0x0
 .rel.iplt      0x080034a0        0x0 e:/programs/ac6/systemworkbench/plugins/fr.ac6.mcu.externaltools.arm-none.win32_1.15.0.201708311556/tools/compiler/bin/../lib/gcc/arm-none-eabi/6.3.1/thumb/v7e-m/fpv4-sp/hard/crtbegin.o

.preinit_array  0x080034a0        0x0
                0x080034a0                . = ALIGN (0x8)
                0x080034a0                PROVIDE (__preinit_array_start, .)
 *(.preinit_array*)
                0x080034a0                PROVIDE (__preinit_array_end, .)
                0x080034a0                . = ALIGN (0x8)

.init_array     0x080034a0        0x8
                0x080034a0                . = ALIGN (0x8)
                0x080034a0                PROVIDE (__init_array_start, .)
 *(SORT(.init_array.*))
 *(.init_array*)
 .init_array    0x080034a0        0x4 e:/programs/ac6/systemworkbench/plugins/fr.ac6.mcu.externaltools.arm-none.win32_1.15.0.201708311556/tools/compiler/bin/../lib/gcc/arm-none-eabi/6.3.1/thumb/v7e-m/fpv4-sp/hard/crtbegin.o
                0x080034a4                PROVIDE (__init_array_end, .)
                0x080034a8                . = ALIGN (0x8)
 *fill*         0x080034a4        0x4 

.fini_array     0x080034a8        0x8
                0x080034a8                . = ALIGN (0x8)
                [!provide]                PROVIDE (__fini_array_start, .)
 *(SORT(.fini_array.*))
 *(.fini_array*)
 .fini_array    0x080034a8        0x4 e:/programs/ac6/systemworkbench/plugins/fr.ac6.mcu.externaltools.arm-none.win32_1.15.0.201708311556/tools/compiler/bin/../lib/gcc/arm-none-eabi/6.3.1/thumb/v7e-m/fpv4-sp/hard/crtbegin.o
                [!provide]                PROVIDE (__fini_array_end, .)
                0x080034b0                . = ALIGN (0x8)
 *fill*         0x080034ac        0x4 
                0x080034b0                _sidata = LOADADDR (.data)

.data           0x20000000        0x8 load address 0x080034b0
                0x20000000                . = ALIGN (0x8)
                0x20000000                _sdata = .
 *(.data)
 .data          0x20000000        0x1 Application/User/main.o
 *fill*         0x20000001        0x3 
 .data          0x20000004        0x4 Drivers/CMSIS/system_stm32l4xx.o
                0x20000004                SystemCoreClock
 *(.data*)
                0x20000008                . = ALIGN (0x8)
                0x20000008                _edata = .

.jcr            0x20000008        0x0 load address 0x080034b8
 .jcr           0x20000008        0x0 e:/programs/ac6/systemworkbench/plugins/fr.ac6.mcu.externaltools.arm-none.win32_1.15.0.201708311556/tools/compiler/bin/../lib/gcc/arm-none-eabi/6.3.1/thumb/v7e-m/fpv4-sp/hard/crtbegin.o

.igot.plt       0x20000008        0x0 load address 0x080034b8
 .igot.plt      0x20000008        0x0 e:/programs/ac6/systemworkbench/plugins/fr.ac6.mcu.externaltools.arm-none.win32_1.15.0.201708311556/tools/compiler/bin/../lib/gcc/arm-none-eabi/6.3.1/thumb/v7e-m/fpv4-sp/hard/crtbegin.o
                0x20000008                . = ALIGN (0x4)

.bss            0x20000008      0x284 load address 0x080034b8
                0x20000008                _sbss = .
                0x20000008                __bss_start__ = _sbss
 *(.bss)
 .bss           0x20000008       0x1c e:/programs/ac6/systemworkbench/plugins/fr.ac6.mcu.externaltools.arm-none.win32_1.15.0.201708311556/tools/compiler/bin/../lib/gcc/arm-none-eabi/6.3.1/thumb/v7e-m/fpv4-sp/hard/crtbegin.o
 .bss           0x20000024        0x2 Application/User/main.o
                0x20000025                Duty
 *(.bss*)
 *(COMMON)
 *fill*         0x20000026        0x2 
 COMMON         0x20000028       0x4c Application/User/i2c.o
                0x20000028                hi2c1
 COMMON         0x20000074       0x64 Application/User/spi.o
                0x20000074                hspi1
 COMMON         0x200000d8       0xc0 Application/User/tim.o
                0x200000d8                htim4
                0x20000118                htim5
                0x20000158                htim3
 COMMON         0x20000198       0xf0 Application/User/usart.o
                0x20000198                huart1
                0x20000210                huart2
 COMMON         0x20000288        0x4 Drivers/STM32L4xx_HAL_Driver/stm32l4xx_hal.o
                0x20000288                uwTick
                0x2000028c                . = ALIGN (0x4)
                0x2000028c                _ebss = .
                0x2000028c                __bss_end__ = _ebss

._user_heap_stack
                0x2000028c      0x604 load address 0x080034b8
                0x20000290                . = ALIGN (0x8)
 *fill*         0x2000028c        0x4 
                [!provide]                PROVIDE (end, .)
                [!provide]                PROVIDE (_end, .)
                0x20000490                . = (. + _Min_Heap_Size)
 *fill*         0x20000290      0x200 
                0x20000890                . = (. + _Min_Stack_Size)
 *fill*         0x20000490      0x400 
                0x20000890                . = ALIGN (0x8)

/DISCARD/
 libc.a(*)
 libm.a(*)
 libgcc.a(*)

.ARM.attributes
                0x00000000       0x30
 *(.ARM.attributes)
 .ARM.attributes
                0x00000000       0x22 e:/programs/ac6/systemworkbench/plugins/fr.ac6.mcu.externaltools.arm-none.win32_1.15.0.201708311556/tools/compiler/bin/../lib/gcc/arm-none-eabi/6.3.1/thumb/v7e-m/fpv4-sp/hard/crti.o
 .ARM.attributes
                0x00000022       0x34 e:/programs/ac6/systemworkbench/plugins/fr.ac6.mcu.externaltools.arm-none.win32_1.15.0.201708311556/tools/compiler/bin/../lib/gcc/arm-none-eabi/6.3.1/thumb/v7e-m/fpv4-sp/hard/crtbegin.o
 .ARM.attributes
                0x00000056       0x21 Application/SW4STM32/startup_stm32l471xx.o
 .ARM.attributes
                0x00000077       0x39 Application/User/gpio.o
 .ARM.attributes
                0x000000b0       0x39 Application/User/i2c.o
 .ARM.attributes
                0x000000e9       0x39 Application/User/main.o
 .ARM.attributes
                0x00000122       0x39 Application/User/spi.o
 .ARM.attributes
                0x0000015b       0x39 Application/User/stm32l4xx_hal_msp.o
 .ARM.attributes
                0x00000194       0x39 Application/User/stm32l4xx_it.o
 .ARM.attributes
                0x000001cd       0x39 Application/User/tim.o
 .ARM.attributes
                0x00000206       0x39 Application/User/usart.o
 .ARM.attributes
                0x0000023f       0x39 Drivers/CMSIS/system_stm32l4xx.o
 .ARM.attributes
                0x00000278       0x39 Drivers/STM32L4xx_HAL_Driver/stm32l4xx_hal.o
 .ARM.attributes
                0x000002b1       0x39 Drivers/STM32L4xx_HAL_Driver/stm32l4xx_hal_cortex.o
 .ARM.attributes
                0x000002ea       0x39 Drivers/STM32L4xx_HAL_Driver/stm32l4xx_hal_gpio.o
 .ARM.attributes
                0x00000323       0x39 Drivers/STM32L4xx_HAL_Driver/stm32l4xx_hal_i2c.o
 .ARM.attributes
                0x0000035c       0x39 Drivers/STM32L4xx_HAL_Driver/stm32l4xx_hal_i2c_ex.o
 .ARM.attributes
                0x00000395       0x39 Drivers/STM32L4xx_HAL_Driver/stm32l4xx_hal_pwr_ex.o
 .ARM.attributes
                0x000003ce       0x39 Drivers/STM32L4xx_HAL_Driver/stm32l4xx_hal_rcc.o
 .ARM.attributes
                0x00000407       0x39 Drivers/STM32L4xx_HAL_Driver/stm32l4xx_hal_rcc_ex.o
 .ARM.attributes
                0x00000440       0x39 Drivers/STM32L4xx_HAL_Driver/stm32l4xx_hal_spi.o
 .ARM.attributes
                0x00000479       0x39 Drivers/STM32L4xx_HAL_Driver/stm32l4xx_hal_tim.o
 .ARM.attributes
                0x000004b2       0x39 Drivers/STM32L4xx_HAL_Driver/stm32l4xx_hal_tim_ex.o
 .ARM.attributes
                0x000004eb       0x39 Drivers/STM32L4xx_HAL_Driver/stm32l4xx_hal_uart.o
 .ARM.attributes
                0x00000524       0x22 e:/programs/ac6/systemworkbench/plugins/fr.ac6.mcu.externaltools.arm-none.win32_1.15.0.201708311556/tools/compiler/bin/../lib/gcc/arm-none-eabi/6.3.1/thumb/v7e-m/fpv4-sp/hard\libgcc.a(_aeabi_uldivmod.o)
 .ARM.attributes
                0x00000546       0x34 e:/programs/ac6/systemworkbench/plugins/fr.ac6.mcu.externaltools.arm-none.win32_1.15.0.201708311556/tools/compiler/bin/../lib/gcc/arm-none-eabi/6.3.1/thumb/v7e-m/fpv4-sp/hard\libgcc.a(_udivmoddi4.o)
 .ARM.attributes
                0x0000057a       0x22 e:/programs/ac6/systemworkbench/plugins/fr.ac6.mcu.externaltools.arm-none.win32_1.15.0.201708311556/tools/compiler/bin/../lib/gcc/arm-none-eabi/6.3.1/thumb/v7e-m/fpv4-sp/hard\libgcc.a(_dvmd_tls.o)
 .ARM.attributes
                0x0000059c       0x34 e:/programs/ac6/systemworkbench/plugins/fr.ac6.mcu.externaltools.arm-none.win32_1.15.0.201708311556/tools/compiler/bin/../lib/gcc/arm-none-eabi/6.3.1/../../../../arm-none-eabi/lib/thumb/v7e-m/fpv4-sp/hard\libc_nano.a(lib_a-init.o)
 .ARM.attributes
                0x000005d0       0x22 e:/programs/ac6/systemworkbench/plugins/fr.ac6.mcu.externaltools.arm-none.win32_1.15.0.201708311556/tools/compiler/bin/../lib/gcc/arm-none-eabi/6.3.1/thumb/v7e-m/fpv4-sp/hard/crtn.o
OUTPUT(Control_uc.elf elf32-littlearm)

.debug_line     0x00000000    0x10fb1
 .debug_line    0x00000000       0xa4 Application/SW4STM32/startup_stm32l471xx.o
 .debug_line    0x000000a4      0x887 Application/User/gpio.o
 .debug_line    0x0000092b      0x8ac Application/User/i2c.o
 .debug_line    0x000011d7      0x977 Application/User/main.o
 .debug_line    0x00001b4e      0x8ab Application/User/spi.o
 .debug_line    0x000023f9      0x870 Application/User/stm32l4xx_hal_msp.o
 .debug_line    0x00002c69      0x95d Application/User/stm32l4xx_it.o
 .debug_line    0x000035c6      0x94d Application/User/tim.o
 .debug_line    0x00003f13      0x8df Application/User/usart.o
 .debug_line    0x000047f2      0x8a9 Drivers/CMSIS/system_stm32l4xx.o
 .debug_line    0x0000509b      0xab3 Drivers/STM32L4xx_HAL_Driver/stm32l4xx_hal.o
 .debug_line    0x00005b4e      0xa7d Drivers/STM32L4xx_HAL_Driver/stm32l4xx_hal_cortex.o
 .debug_line    0x000065cb      0x9ed Drivers/STM32L4xx_HAL_Driver/stm32l4xx_hal_gpio.o
 .debug_line    0x00006fb8     0x1ce7 Drivers/STM32L4xx_HAL_Driver/stm32l4xx_hal_i2c.o
 .debug_line    0x00008c9f      0x9cc Drivers/STM32L4xx_HAL_Driver/stm32l4xx_hal_i2c_ex.o
 .debug_line    0x0000966b      0xc6a Drivers/STM32L4xx_HAL_Driver/stm32l4xx_hal_pwr_ex.o
 .debug_line    0x0000a2d5      0xbb4 Drivers/STM32L4xx_HAL_Driver/stm32l4xx_hal_rcc.o
 .debug_line    0x0000ae89      0xe3c Drivers/STM32L4xx_HAL_Driver/stm32l4xx_hal_rcc_ex.o
 .debug_line    0x0000bcc5     0x138a Drivers/STM32L4xx_HAL_Driver/stm32l4xx_hal_spi.o
 .debug_line    0x0000d04f     0x1c00 Drivers/STM32L4xx_HAL_Driver/stm32l4xx_hal_tim.o
 .debug_line    0x0000ec4f      0xf5b Drivers/STM32L4xx_HAL_Driver/stm32l4xx_hal_tim_ex.o
 .debug_line    0x0000fbaa     0x1407 Drivers/STM32L4xx_HAL_Driver/stm32l4xx_hal_uart.o

.debug_info     0x00000000    0x22445
 .debug_info    0x00000000       0xab Application/SW4STM32/startup_stm32l471xx.o
 .debug_info    0x000000ab     0x111b Application/User/gpio.o
 .debug_info    0x000011c6     0x1348 Application/User/i2c.o
 .debug_info    0x0000250e     0x24aa Application/User/main.o
 .debug_info    0x000049b8     0x126e Application/User/spi.o
 .debug_info    0x00005c26      0xed4 Application/User/stm32l4xx_hal_msp.o
 .debug_info    0x00006afa     0x1059 Application/User/stm32l4xx_it.o
 .debug_info    0x00007b53     0x1a35 Application/User/tim.o
 .debug_info    0x00009588     0x13f9 Application/User/usart.o
 .debug_info    0x0000a981      0xde9 Drivers/CMSIS/system_stm32l4xx.o
 .debug_info    0x0000b76a     0x130d Drivers/STM32L4xx_HAL_Driver/stm32l4xx_hal.o
 .debug_info    0x0000ca77     0x177d Drivers/STM32L4xx_HAL_Driver/stm32l4xx_hal_cortex.o
 .debug_info    0x0000e1f4     0x1090 Drivers/STM32L4xx_HAL_Driver/stm32l4xx_hal_gpio.o
 .debug_info    0x0000f284     0x3fb8 Drivers/STM32L4xx_HAL_Driver/stm32l4xx_hal_i2c.o
 .debug_info    0x0001323c     0x1256 Drivers/STM32L4xx_HAL_Driver/stm32l4xx_hal_i2c_ex.o
 .debug_info    0x00014492     0x126a Drivers/STM32L4xx_HAL_Driver/stm32l4xx_hal_pwr_ex.o
 .debug_info    0x000156fc     0x15d0 Drivers/STM32L4xx_HAL_Driver/stm32l4xx_hal_rcc.o
 .debug_info    0x00016ccc     0x18b5 Drivers/STM32L4xx_HAL_Driver/stm32l4xx_hal_rcc_ex.o
 .debug_info    0x00018581     0x25c1 Drivers/STM32L4xx_HAL_Driver/stm32l4xx_hal_spi.o
 .debug_info    0x0001ab42     0x37d8 Drivers/STM32L4xx_HAL_Driver/stm32l4xx_hal_tim.o
 .debug_info    0x0001e31a     0x1d32 Drivers/STM32L4xx_HAL_Driver/stm32l4xx_hal_tim_ex.o
 .debug_info    0x0002004c     0x23f9 Drivers/STM32L4xx_HAL_Driver/stm32l4xx_hal_uart.o

.debug_abbrev   0x00000000     0x380d
 .debug_abbrev  0x00000000       0x12 Application/SW4STM32/startup_stm32l471xx.o
 .debug_abbrev  0x00000012      0x232 Application/User/gpio.o
 .debug_abbrev  0x00000244      0x256 Application/User/i2c.o
 .debug_abbrev  0x0000049a      0x2dc Application/User/main.o
 .debug_abbrev  0x00000776      0x256 Application/User/spi.o
 .debug_abbrev  0x000009cc      0x232 Application/User/stm32l4xx_hal_msp.o
 .debug_abbrev  0x00000bfe      0x25b Application/User/stm32l4xx_it.o
 .debug_abbrev  0x00000e59      0x297 Application/User/tim.o
 .debug_abbrev  0x000010f0      0x256 Application/User/usart.o
 .debug_abbrev  0x00001346      0x226 Drivers/CMSIS/system_stm32l4xx.o
 .debug_abbrev  0x0000156c      0x2ec Drivers/STM32L4xx_HAL_Driver/stm32l4xx_hal.o
 .debug_abbrev  0x00001858      0x3b8 Drivers/STM32L4xx_HAL_Driver/stm32l4xx_hal_cortex.o
 .debug_abbrev  0x00001c10      0x2a5 Drivers/STM32L4xx_HAL_Driver/stm32l4xx_hal_gpio.o
 .debug_abbrev  0x00001eb5      0x2dd Drivers/STM32L4xx_HAL_Driver/stm32l4xx_hal_i2c.o
 .debug_abbrev  0x00002192      0x255 Drivers/STM32L4xx_HAL_Driver/stm32l4xx_hal_i2c_ex.o
 .debug_abbrev  0x000023e7      0x2d2 Drivers/STM32L4xx_HAL_Driver/stm32l4xx_hal_pwr_ex.o
 .debug_abbrev  0x000026b9      0x2ea Drivers/STM32L4xx_HAL_Driver/stm32l4xx_hal_rcc.o
 .debug_abbrev  0x000029a3      0x30a Drivers/STM32L4xx_HAL_Driver/stm32l4xx_hal_rcc_ex.o
 .debug_abbrev  0x00002cad      0x2df Drivers/STM32L4xx_HAL_Driver/stm32l4xx_hal_spi.o
 .debug_abbrev  0x00002f8c      0x2b1 Drivers/STM32L4xx_HAL_Driver/stm32l4xx_hal_tim.o
 .debug_abbrev  0x0000323d      0x2dc Drivers/STM32L4xx_HAL_Driver/stm32l4xx_hal_tim_ex.o
 .debug_abbrev  0x00003519      0x2f4 Drivers/STM32L4xx_HAL_Driver/stm32l4xx_hal_uart.o

.debug_aranges  0x00000000     0x1240
 .debug_aranges
                0x00000000       0x28 Application/SW4STM32/startup_stm32l471xx.o
 .debug_aranges
                0x00000028       0x20 Application/User/gpio.o
 .debug_aranges
                0x00000048       0x30 Application/User/i2c.o
 .debug_aranges
                0x00000078       0x58 Application/User/main.o
 .debug_aranges
                0x000000d0       0x30 Application/User/spi.o
 .debug_aranges
                0x00000100       0x20 Application/User/stm32l4xx_hal_msp.o
 .debug_aranges
                0x00000120       0x90 Application/User/stm32l4xx_it.o
 .debug_aranges
                0x000001b0       0x48 Application/User/tim.o
 .debug_aranges
                0x000001f8       0x38 Application/User/usart.o
 .debug_aranges
                0x00000230       0x28 Drivers/CMSIS/system_stm32l4xx.o
 .debug_aranges
                0x00000258      0x118 Drivers/STM32L4xx_HAL_Driver/stm32l4xx_hal.o
 .debug_aranges
                0x00000370       0xa8 Drivers/STM32L4xx_HAL_Driver/stm32l4xx_hal_cortex.o
 .debug_aranges
                0x00000418       0x58 Drivers/STM32L4xx_HAL_Driver/stm32l4xx_hal_gpio.o
 .debug_aranges
                0x00000470      0x288 Drivers/STM32L4xx_HAL_Driver/stm32l4xx_hal_i2c.o
 .debug_aranges
                0x000006f8       0x48 Drivers/STM32L4xx_HAL_Driver/stm32l4xx_hal_i2c_ex.o
 .debug_aranges
                0x00000740      0x120 Drivers/STM32L4xx_HAL_Driver/stm32l4xx_hal_pwr_ex.o
 .debug_aranges
                0x00000860       0x88 Drivers/STM32L4xx_HAL_Driver/stm32l4xx_hal_rcc.o
 .debug_aranges
                0x000008e8       0xb8 Drivers/STM32L4xx_HAL_Driver/stm32l4xx_hal_rcc_ex.o
 .debug_aranges
                0x000009a0      0x1d8 Drivers/STM32L4xx_HAL_Driver/stm32l4xx_hal_spi.o
 .debug_aranges
                0x00000b78      0x378 Drivers/STM32L4xx_HAL_Driver/stm32l4xx_hal_tim.o
 .debug_aranges
                0x00000ef0      0x158 Drivers/STM32L4xx_HAL_Driver/stm32l4xx_hal_tim_ex.o
 .debug_aranges
                0x00001048      0x1f8 Drivers/STM32L4xx_HAL_Driver/stm32l4xx_hal_uart.o

.debug_ranges   0x00000000     0x1198
 .debug_ranges  0x00000000       0x20 Application/SW4STM32/startup_stm32l471xx.o
 .debug_ranges  0x00000020       0x10 Application/User/gpio.o
 .debug_ranges  0x00000030       0x20 Application/User/i2c.o
 .debug_ranges  0x00000050       0x60 Application/User/main.o
 .debug_ranges  0x000000b0       0x20 Application/User/spi.o
 .debug_ranges  0x000000d0       0x10 Application/User/stm32l4xx_hal_msp.o
 .debug_ranges  0x000000e0       0x80 Application/User/stm32l4xx_it.o
 .debug_ranges  0x00000160       0x38 Application/User/tim.o
 .debug_ranges  0x00000198       0x28 Application/User/usart.o
 .debug_ranges  0x000001c0       0x18 Drivers/CMSIS/system_stm32l4xx.o
 .debug_ranges  0x000001d8      0x108 Drivers/STM32L4xx_HAL_Driver/stm32l4xx_hal.o
 .debug_ranges  0x000002e0       0xf8 Drivers/STM32L4xx_HAL_Driver/stm32l4xx_hal_cortex.o
 .debug_ranges  0x000003d8       0x48 Drivers/STM32L4xx_HAL_Driver/stm32l4xx_hal_gpio.o
 .debug_ranges  0x00000420      0x278 Drivers/STM32L4xx_HAL_Driver/stm32l4xx_hal_i2c.o
 .debug_ranges  0x00000698       0x38 Drivers/STM32L4xx_HAL_Driver/stm32l4xx_hal_i2c_ex.o
 .debug_ranges  0x000006d0      0x110 Drivers/STM32L4xx_HAL_Driver/stm32l4xx_hal_pwr_ex.o
 .debug_ranges  0x000007e0       0x90 Drivers/STM32L4xx_HAL_Driver/stm32l4xx_hal_rcc.o
 .debug_ranges  0x00000870       0xc8 Drivers/STM32L4xx_HAL_Driver/stm32l4xx_hal_rcc_ex.o
 .debug_ranges  0x00000938      0x1c8 Drivers/STM32L4xx_HAL_Driver/stm32l4xx_hal_spi.o
 .debug_ranges  0x00000b00      0x368 Drivers/STM32L4xx_HAL_Driver/stm32l4xx_hal_tim.o
 .debug_ranges  0x00000e68      0x148 Drivers/STM32L4xx_HAL_Driver/stm32l4xx_hal_tim_ex.o
 .debug_ranges  0x00000fb0      0x1e8 Drivers/STM32L4xx_HAL_Driver/stm32l4xx_hal_uart.o

.debug_macro    0x00000000    0x2651b
 .debug_macro   0x00000000      0x34e Application/User/gpio.o
 .debug_macro   0x0000034e      0x8bc Application/User/gpio.o
 .debug_macro   0x00000c0a       0xa6 Application/User/gpio.o
 .debug_macro   0x00000cb0       0xba Application/User/gpio.o
 .debug_macro   0x00000d6a       0x2e Application/User/gpio.o
 .debug_macro   0x00000d98       0x28 Application/User/gpio.o
 .debug_macro   0x00000dc0       0x22 Application/User/gpio.o
 .debug_macro   0x00000de2       0x87 Application/User/gpio.o
 .debug_macro   0x00000e69       0x51 Application/User/gpio.o
 .debug_macro   0x00000eba       0xef Application/User/gpio.o
 .debug_macro   0x00000fa9       0x6a Application/User/gpio.o
 .debug_macro   0x00001013      0x1df Application/User/gpio.o
 .debug_macro   0x000011f2       0x35 Application/User/gpio.o
 .debug_macro   0x00001227       0x50 Application/User/gpio.o
 .debug_macro   0x00001277      0xe66 Application/User/gpio.o
 .debug_macro   0x000020dd    0x176f7 Application/User/gpio.o
 .debug_macro   0x000197d4       0x43 Application/User/gpio.o
 .debug_macro   0x00019817     0x3788 Application/User/gpio.o
 .debug_macro   0x0001cf9f       0x58 Application/User/gpio.o
 .debug_macro   0x0001cff7       0x35 Application/User/gpio.o
 .debug_macro   0x0001d02c       0x9c Application/User/gpio.o
 .debug_macro   0x0001d0c8       0x16 Application/User/gpio.o
 .debug_macro   0x0001d0de       0x97 Application/User/gpio.o
 .debug_macro   0x0001d175      0x330 Application/User/gpio.o
 .debug_macro   0x0001d4a5       0xfd Application/User/gpio.o
 .debug_macro   0x0001d5a2       0x10 Application/User/gpio.o
 .debug_macro   0x0001d5b2       0x58 Application/User/gpio.o
 .debug_macro   0x0001d60a       0x1f Application/User/gpio.o
 .debug_macro   0x0001d629       0x43 Application/User/gpio.o
 .debug_macro   0x0001d66c       0x20 Application/User/gpio.o
 .debug_macro   0x0001d68c      0x187 Application/User/gpio.o
 .debug_macro   0x0001d813       0x10 Application/User/gpio.o
 .debug_macro   0x0001d823       0x1c Application/User/gpio.o
 .debug_macro   0x0001d83f       0x52 Application/User/gpio.o
 .debug_macro   0x0001d891       0x40 Application/User/gpio.o
 .debug_macro   0x0001d8d1       0x10 Application/User/gpio.o
 .debug_macro   0x0001d8e1       0x40 Application/User/gpio.o
 .debug_macro   0x0001d921       0xd7 Application/User/gpio.o
 .debug_macro   0x0001d9f8       0x16 Application/User/gpio.o
 .debug_macro   0x0001da0e      0x18b Application/User/gpio.o
 .debug_macro   0x0001db99       0x50 Application/User/gpio.o
 .debug_macro   0x0001dbe9     0x14d3 Application/User/gpio.o
 .debug_macro   0x0001f0bc      0x566 Application/User/gpio.o
 .debug_macro   0x0001f622      0x148 Application/User/gpio.o
 .debug_macro   0x0001f76a      0x176 Application/User/gpio.o
 .debug_macro   0x0001f8e0      0x26b Application/User/gpio.o
 .debug_macro   0x0001fb4b      0x23a Application/User/gpio.o
 .debug_macro   0x0001fd85      0x36e Application/User/gpio.o
 .debug_macro   0x000200f3       0xe4 Application/User/gpio.o
 .debug_macro   0x000201d7      0x225 Application/User/gpio.o
 .debug_macro   0x000203fc       0x61 Application/User/gpio.o
 .debug_macro   0x0002045d       0x97 Application/User/gpio.o
 .debug_macro   0x000204f4      0x126 Application/User/gpio.o
 .debug_macro   0x0002061a      0x365 Application/User/gpio.o
 .debug_macro   0x0002097f      0x2e9 Application/User/gpio.o
 .debug_macro   0x00020c68      0x9f7 Application/User/gpio.o
 .debug_macro   0x0002165f      0x1ee Application/User/gpio.o
 .debug_macro   0x0002184d      0x55f Application/User/gpio.o
 .debug_macro   0x00021dac       0x44 Application/User/gpio.o
 .debug_macro   0x00021df0      0x325 Application/User/gpio.o
 .debug_macro   0x00022115      0x358 Application/User/i2c.o
 .debug_macro   0x0002246d      0x37a Application/User/main.o
 .debug_macro   0x000227e7      0x358 Application/User/spi.o
 .debug_macro   0x00022b3f      0x344 Application/User/stm32l4xx_hal_msp.o
 .debug_macro   0x00022e83      0x34e Application/User/stm32l4xx_it.o
 .debug_macro   0x000231d1      0x34e Application/User/tim.o
 .debug_macro   0x0002351f      0x358 Application/User/usart.o
 .debug_macro   0x00023877      0x34b Drivers/CMSIS/system_stm32l4xx.o
 .debug_macro   0x00023bc2      0x392 Drivers/STM32L4xx_HAL_Driver/stm32l4xx_hal.o
 .debug_macro   0x00023f54      0x344 Drivers/STM32L4xx_HAL_Driver/stm32l4xx_hal_cortex.o
 .debug_macro   0x00024298      0x383 Drivers/STM32L4xx_HAL_Driver/stm32l4xx_hal_gpio.o
 .debug_macro   0x0002461b      0x410 Drivers/STM32L4xx_HAL_Driver/stm32l4xx_hal_i2c.o
 .debug_macro   0x00024a2b      0x344 Drivers/STM32L4xx_HAL_Driver/stm32l4xx_hal_i2c_ex.o
 .debug_macro   0x00024d6f      0x368 Drivers/STM32L4xx_HAL_Driver/stm32l4xx_hal_pwr_ex.o
 .debug_macro   0x000250d7      0x386 Drivers/STM32L4xx_HAL_Driver/stm32l4xx_hal_rcc.o
 .debug_macro   0x0002545d      0x37a Drivers/STM32L4xx_HAL_Driver/stm32l4xx_hal_rcc_ex.o
 .debug_macro   0x000257d7      0x34c Drivers/STM32L4xx_HAL_Driver/stm32l4xx_hal_spi.o
 .debug_macro   0x00025b23      0x345 Drivers/STM32L4xx_HAL_Driver/stm32l4xx_hal_tim.o
 .debug_macro   0x00025e68      0x344 Drivers/STM32L4xx_HAL_Driver/stm32l4xx_hal_tim_ex.o
 .debug_macro   0x000261ac      0x36f Drivers/STM32L4xx_HAL_Driver/stm32l4xx_hal_uart.o

.debug_str      0x00000000    0xe061a
 .debug_str     0x00000000    0xdab46 Application/User/gpio.o
                              0xdaf12 (size before relaxing)
 .debug_str     0x000dab46      0x4b3 Application/User/i2c.o
                              0xdaf3e (size before relaxing)
 .debug_str     0x000daff9      0xb99 Application/User/main.o
                              0xdbea0 (size before relaxing)
 .debug_str     0x000dbb92       0x6a Application/User/spi.o
                              0xdae3f (size before relaxing)
 .debug_str     0x000dbbfc       0x68 Application/User/stm32l4xx_hal_msp.o
                              0xdae5c (size before relaxing)
 .debug_str     0x000dbc64      0x194 Application/User/stm32l4xx_it.o
                              0xdad8d (size before relaxing)
 .debug_str     0x000dbdf8      0x1b0 Application/User/tim.o
                              0xdb4cd (size before relaxing)
 .debug_str     0x000dbfa8       0x70 Application/User/usart.o
                              0xdaf0f (size before relaxing)
 .debug_str     0x000dc018       0xec Drivers/CMSIS/system_stm32l4xx.o
                              0xda9fe (size before relaxing)
 .debug_str     0x000dc104      0x5a5 Drivers/STM32L4xx_HAL_Driver/stm32l4xx_hal.o
                              0xdb512 (size before relaxing)
 .debug_str     0x000dc6a9      0x339 Drivers/STM32L4xx_HAL_Driver/stm32l4xx_hal_cortex.o
                              0xdb231 (size before relaxing)
 .debug_str     0x000dc9e2      0x21e Drivers/STM32L4xx_HAL_Driver/stm32l4xx_hal_gpio.o
                              0xdacd9 (size before relaxing)
 .debug_str     0x000dcc00      0xe96 Drivers/STM32L4xx_HAL_Driver/stm32l4xx_hal_i2c.o
                              0xdbb8a (size before relaxing)
 .debug_str     0x000dda96       0xdc Drivers/STM32L4xx_HAL_Driver/stm32l4xx_hal_i2c_ex.o
                              0xdaf43 (size before relaxing)
 .debug_str     0x000ddb72      0x46d Drivers/STM32L4xx_HAL_Driver/stm32l4xx_hal_pwr_ex.o
                              0xdaea3 (size before relaxing)
 .debug_str     0x000ddfdf      0x36d Drivers/STM32L4xx_HAL_Driver/stm32l4xx_hal_rcc.o
                              0xdafd8 (size before relaxing)
 .debug_str     0x000de34c      0x3b9 Drivers/STM32L4xx_HAL_Driver/stm32l4xx_hal_rcc_ex.o
                              0xdb19b (size before relaxing)
 .debug_str     0x000de705      0x551 Drivers/STM32L4xx_HAL_Driver/stm32l4xx_hal_spi.o
                              0xdb1ce (size before relaxing)
 .debug_str     0x000dec56      0xc66 Drivers/STM32L4xx_HAL_Driver/stm32l4xx_hal_tim.o
                              0xdba4e (size before relaxing)
 .debug_str     0x000df8bc      0x5a9 Drivers/STM32L4xx_HAL_Driver/stm32l4xx_hal_tim_ex.o
                              0xdb419 (size before relaxing)
 .debug_str     0x000dfe65      0x7b5 Drivers/STM32L4xx_HAL_Driver/stm32l4xx_hal_uart.o
                              0xdb6b5 (size before relaxing)

.comment        0x00000000       0x7f
 .comment       0x00000000       0x7f Application/User/gpio.o
                                 0x80 (size before relaxing)
 .comment       0x0000007f       0x80 Application/User/i2c.o
 .comment       0x0000007f       0x80 Application/User/main.o
 .comment       0x0000007f       0x80 Application/User/spi.o
 .comment       0x0000007f       0x80 Application/User/stm32l4xx_hal_msp.o
 .comment       0x0000007f       0x80 Application/User/stm32l4xx_it.o
 .comment       0x0000007f       0x80 Application/User/tim.o
 .comment       0x0000007f       0x80 Application/User/usart.o
 .comment       0x0000007f       0x80 Drivers/CMSIS/system_stm32l4xx.o
 .comment       0x0000007f       0x80 Drivers/STM32L4xx_HAL_Driver/stm32l4xx_hal.o
 .comment       0x0000007f       0x80 Drivers/STM32L4xx_HAL_Driver/stm32l4xx_hal_cortex.o
 .comment       0x0000007f       0x80 Drivers/STM32L4xx_HAL_Driver/stm32l4xx_hal_gpio.o
 .comment       0x0000007f       0x80 Drivers/STM32L4xx_HAL_Driver/stm32l4xx_hal_i2c.o
 .comment       0x0000007f       0x80 Drivers/STM32L4xx_HAL_Driver/stm32l4xx_hal_i2c_ex.o
 .comment       0x0000007f       0x80 Drivers/STM32L4xx_HAL_Driver/stm32l4xx_hal_pwr_ex.o
 .comment       0x0000007f       0x80 Drivers/STM32L4xx_HAL_Driver/stm32l4xx_hal_rcc.o
 .comment       0x0000007f       0x80 Drivers/STM32L4xx_HAL_Driver/stm32l4xx_hal_rcc_ex.o
 .comment       0x0000007f       0x80 Drivers/STM32L4xx_HAL_Driver/stm32l4xx_hal_spi.o
 .comment       0x0000007f       0x80 Drivers/STM32L4xx_HAL_Driver/stm32l4xx_hal_tim.o
 .comment       0x0000007f       0x80 Drivers/STM32L4xx_HAL_Driver/stm32l4xx_hal_tim_ex.o
 .comment       0x0000007f       0x80 Drivers/STM32L4xx_HAL_Driver/stm32l4xx_hal_uart.o

.debug_frame    0x00000000     0x31b4
 .debug_frame   0x00000000       0x38 Application/User/gpio.o
 .debug_frame   0x00000038       0x5c Application/User/i2c.o
 .debug_frame   0x00000094       0xc0 Application/User/main.o
 .debug_frame   0x00000154       0x5c Application/User/spi.o
 .debug_frame   0x000001b0       0x2c Application/User/stm32l4xx_hal_msp.o
 .debug_frame   0x000001dc      0x138 Application/User/stm32l4xx_it.o
 .debug_frame   0x00000314       0xc8 Application/User/tim.o
 .debug_frame   0x000003dc       0x78 Application/User/usart.o
 .debug_frame   0x00000454       0x30 Drivers/CMSIS/system_stm32l4xx.o
 .debug_frame   0x00000484      0x23c Drivers/STM32L4xx_HAL_Driver/stm32l4xx_hal.o
 .debug_frame   0x000006c0      0x15c Drivers/STM32L4xx_HAL_Driver/stm32l4xx_hal_cortex.o
 .debug_frame   0x0000081c       0xd0 Drivers/STM32L4xx_HAL_Driver/stm32l4xx_hal_gpio.o
 .debug_frame   0x000008ec      0x8cc Drivers/STM32L4xx_HAL_Driver/stm32l4xx_hal_i2c.o
 .debug_frame   0x000011b8       0x80 Drivers/STM32L4xx_HAL_Driver/stm32l4xx_hal_i2c_ex.o
 .debug_frame   0x00001238      0x228 Drivers/STM32L4xx_HAL_Driver/stm32l4xx_hal_pwr_ex.o
 .debug_frame   0x00001460      0x184 Drivers/STM32L4xx_HAL_Driver/stm32l4xx_hal_rcc.o
 .debug_frame   0x000015e4      0x1f4 Drivers/STM32L4xx_HAL_Driver/stm32l4xx_hal_rcc_ex.o
 .debug_frame   0x000017d8      0x5b8 Drivers/STM32L4xx_HAL_Driver/stm32l4xx_hal_spi.o
 .debug_frame   0x00001d90      0xa10 Drivers/STM32L4xx_HAL_Driver/stm32l4xx_hal_tim.o
 .debug_frame   0x000027a0      0x400 Drivers/STM32L4xx_HAL_Driver/stm32l4xx_hal_tim_ex.o
 .debug_frame   0x00002ba0      0x588 Drivers/STM32L4xx_HAL_Driver/stm32l4xx_hal_uart.o
 .debug_frame   0x00003128       0x2c e:/programs/ac6/systemworkbench/plugins/fr.ac6.mcu.externaltools.arm-none.win32_1.15.0.201708311556/tools/compiler/bin/../lib/gcc/arm-none-eabi/6.3.1/thumb/v7e-m/fpv4-sp/hard\libgcc.a(_aeabi_uldivmod.o)
 .debug_frame   0x00003154       0x34 e:/programs/ac6/systemworkbench/plugins/fr.ac6.mcu.externaltools.arm-none.win32_1.15.0.201708311556/tools/compiler/bin/../lib/gcc/arm-none-eabi/6.3.1/thumb/v7e-m/fpv4-sp/hard\libgcc.a(_udivmoddi4.o)
 .debug_frame   0x00003188       0x2c e:/programs/ac6/systemworkbench/plugins/fr.ac6.mcu.externaltools.arm-none.win32_1.15.0.201708311556/tools/compiler/bin/../lib/gcc/arm-none-eabi/6.3.1/../../../../arm-none-eabi/lib/thumb/v7e-m/fpv4-sp/hard\libc_nano.a(lib_a-init.o)

.debug_loc      0x00000000     0xf99d
 .debug_loc     0x00000000       0x5b Application/User/i2c.o
 .debug_loc     0x0000005b       0x6c Application/User/main.o
 .debug_loc     0x000000c7       0x5b Application/User/spi.o
 .debug_loc     0x00000122      0x144 Application/User/tim.o
 .debug_loc     0x00000266       0xa6 Application/User/usart.o
 .debug_loc     0x0000030c      0x1e4 Drivers/CMSIS/system_stm32l4xx.o
 .debug_loc     0x000004f0       0xf8 Drivers/STM32L4xx_HAL_Driver/stm32l4xx_hal.o
 .debug_loc     0x000005e8      0x5ce Drivers/STM32L4xx_HAL_Driver/stm32l4xx_hal_cortex.o
 .debug_loc     0x00000bb6      0x33d Drivers/STM32L4xx_HAL_Driver/stm32l4xx_hal_gpio.o
 .debug_loc     0x00000ef3     0x3e00 Drivers/STM32L4xx_HAL_Driver/stm32l4xx_hal_i2c.o
 .debug_loc     0x00004cf3      0x204 Drivers/STM32L4xx_HAL_Driver/stm32l4xx_hal_i2c_ex.o
 .debug_loc     0x00004ef7      0x8c3 Drivers/STM32L4xx_HAL_Driver/stm32l4xx_hal_pwr_ex.o
 .debug_loc     0x000057ba      0x5d2 Drivers/STM32L4xx_HAL_Driver/stm32l4xx_hal_rcc.o
 .debug_loc     0x00005d8c     0x1a95 Drivers/STM32L4xx_HAL_Driver/stm32l4xx_hal_rcc_ex.o
 .debug_loc     0x00007821     0x1b6c Drivers/STM32L4xx_HAL_Driver/stm32l4xx_hal_spi.o
 .debug_loc     0x0000938d     0x36be Drivers/STM32L4xx_HAL_Driver/stm32l4xx_hal_tim.o
 .debug_loc     0x0000ca4b     0x171a Drivers/STM32L4xx_HAL_Driver/stm32l4xx_hal_tim_ex.o
 .debug_loc     0x0000e165     0x1838 Drivers/STM32L4xx_HAL_Driver/stm32l4xx_hal_uart.o
